Archive member included to satisfy reference by file (symbol)

C:/freeRTOS/Release/libfreeRTOS.a(tasks.o)
                              ./test.o (xTaskGenericCreate)
C:/freeRTOS/Release/libfreeRTOS.a(heap_2.o)
                              C:/freeRTOS/Release/libfreeRTOS.a(tasks.o) (pvPortMalloc)
C:/freeRTOS/Release/libfreeRTOS.a(port.o)
                              C:/freeRTOS/Release/libfreeRTOS.a(tasks.o) (pxPortInitialiseStack)
C:/freeRTOS/Release/libfreeRTOS.a(list.o)
                              C:/freeRTOS/Release/libfreeRTOS.a(tasks.o) (vListInitialise)
c:/arduino/hardware/tools/avr/bin/../lib/gcc/avr/4.8.1/avr5\libgcc.a(_mulsi3.o)
                              ./arduino/Tone.o (__mulsi3)
c:/arduino/hardware/tools/avr/bin/../lib/gcc/avr/4.8.1/avr5\libgcc.a(_udivmodsi4.o)
                              ./arduino/HardwareSerial.o (__udivmodsi4)
c:/arduino/hardware/tools/avr/bin/../lib/gcc/avr/4.8.1/avr5\libgcc.a(_divmodsi4.o)
                              ./arduino/WMath.o (__divmodsi4)
c:/arduino/hardware/tools/avr/bin/../lib/gcc/avr/4.8.1/avr5\libgcc.a(_negsi2.o)
                              c:/arduino/hardware/tools/avr/bin/../lib/gcc/avr/4.8.1/avr5\libgcc.a(_divmodsi4.o) (__negsi2)
c:/arduino/hardware/tools/avr/bin/../lib/gcc/avr/4.8.1/avr5\libgcc.a(_exit.o)
                              c:/arduino/hardware/tools/avr/bin/../lib/gcc/avr/4.8.1/../../../../avr/lib/avr5/crtm328p.o (exit)
c:/arduino/hardware/tools/avr/bin/../lib/gcc/avr/4.8.1/avr5\libgcc.a(_copy_data.o)
                              ./arduino/CDC.o (__do_copy_data)
c:/arduino/hardware/tools/avr/bin/../lib/gcc/avr/4.8.1/avr5\libgcc.a(_clear_bss.o)
                              ./arduino/HardwareSerial0.o (__do_clear_bss)
c:/arduino/hardware/tools/avr/bin/../lib/gcc/avr/4.8.1/avr5\libgcc.a(_ctors.o)
                              ./arduino/HardwareSerial0.o (__do_global_ctors)
c:/arduino/hardware/tools/avr/bin/../lib/gcc/avr/4.8.1/avr5\libgcc.a(_muluhisi3.o)
                              c:/arduino/hardware/tools/avr/bin/../lib/gcc/avr/4.8.1/avr5\libgcc.a(_mulsi3.o) (__muluhisi3)
c:/arduino/hardware/tools/avr/bin/../lib/gcc/avr/4.8.1/avr5\libgcc.a(_tablejump.o)
                              c:/arduino/hardware/tools/avr/bin/../lib/gcc/avr/4.8.1/avr5\libgcc.a(_ctors.o) (__tablejump__)
c:/arduino/hardware/tools/avr/bin/../lib/gcc/avr/4.8.1/avr5\libgcc.a(_umulhisi3.o)
                              c:/arduino/hardware/tools/avr/bin/../lib/gcc/avr/4.8.1/avr5\libgcc.a(_muluhisi3.o) (__umulhisi3)
c:/arduino/hardware/tools/avr/bin/../lib/gcc/avr/4.8.1/../../../../avr/lib/avr5\libm.a(addsf3.o)
                              ./arduino/Print.o (__subsf3)
c:/arduino/hardware/tools/avr/bin/../lib/gcc/avr/4.8.1/../../../../avr/lib/avr5\libm.a(addsf3x.o)
                              c:/arduino/hardware/tools/avr/bin/../lib/gcc/avr/4.8.1/../../../../avr/lib/avr5\libm.a(addsf3.o) (__addsf3x)
c:/arduino/hardware/tools/avr/bin/../lib/gcc/avr/4.8.1/../../../../avr/lib/avr5\libm.a(cmpsf2.o)
                              ./arduino/Print.o (__ltsf2)
c:/arduino/hardware/tools/avr/bin/../lib/gcc/avr/4.8.1/../../../../avr/lib/avr5\libm.a(divsf3.o)
                              ./arduino/Print.o (__divsf3)
c:/arduino/hardware/tools/avr/bin/../lib/gcc/avr/4.8.1/../../../../avr/lib/avr5\libm.a(divsf3x.o)
                              c:/arduino/hardware/tools/avr/bin/../lib/gcc/avr/4.8.1/../../../../avr/lib/avr5\libm.a(divsf3.o) (__divsf3x)
c:/arduino/hardware/tools/avr/bin/../lib/gcc/avr/4.8.1/../../../../avr/lib/avr5\libm.a(fixsfsi.o)
                              ./arduino/Print.o (__fixsfsi)
c:/arduino/hardware/tools/avr/bin/../lib/gcc/avr/4.8.1/../../../../avr/lib/avr5\libm.a(fixunssfsi.o)
                              ./arduino/Print.o (__fixunssfsi)
c:/arduino/hardware/tools/avr/bin/../lib/gcc/avr/4.8.1/../../../../avr/lib/avr5\libm.a(floatsisf.o)
                              ./arduino/Print.o (__floatunsisf)
c:/arduino/hardware/tools/avr/bin/../lib/gcc/avr/4.8.1/../../../../avr/lib/avr5\libm.a(fp_cmp.o)
                              c:/arduino/hardware/tools/avr/bin/../lib/gcc/avr/4.8.1/../../../../avr/lib/avr5\libm.a(cmpsf2.o) (__fp_cmp)
c:/arduino/hardware/tools/avr/bin/../lib/gcc/avr/4.8.1/../../../../avr/lib/avr5\libm.a(fp_inf.o)
                              c:/arduino/hardware/tools/avr/bin/../lib/gcc/avr/4.8.1/../../../../avr/lib/avr5\libm.a(addsf3x.o) (__fp_inf)
c:/arduino/hardware/tools/avr/bin/../lib/gcc/avr/4.8.1/../../../../avr/lib/avr5\libm.a(fp_nan.o)
                              c:/arduino/hardware/tools/avr/bin/../lib/gcc/avr/4.8.1/../../../../avr/lib/avr5\libm.a(addsf3x.o) (__fp_nan)
c:/arduino/hardware/tools/avr/bin/../lib/gcc/avr/4.8.1/../../../../avr/lib/avr5\libm.a(fp_pscA.o)
                              c:/arduino/hardware/tools/avr/bin/../lib/gcc/avr/4.8.1/../../../../avr/lib/avr5\libm.a(addsf3x.o) (__fp_pscA)
c:/arduino/hardware/tools/avr/bin/../lib/gcc/avr/4.8.1/../../../../avr/lib/avr5\libm.a(fp_pscB.o)
[...]
Memory Configuration

Name             Origin             Length             Attributes
text             0x00000000         0x00020000         xr
data             0x00800060         0x0000ffa0         rw !x
eeprom           0x00810000         0x00010000         rw !x
fuse             0x00820000         0x00000400         rw !x
lock             0x00830000         0x00000400         rw !x
signature        0x00840000         0x00000400         rw !x
*default*        0x00000000         0xffffffff

Linker script and memory map

Address of section .data set to 0x800100
LOAD c:/arduino/hardware/tools/avr/bin/../lib/gcc/avr/4.8.1/../../../../avr/lib/avr5/crtm328p.o
LOAD ./arduino/CDC.o
LOAD ./arduino/HardwareSerial.o
LOAD ./arduino/HardwareSerial0.o
LOAD ./arduino/HardwareSerial1.o
LOAD ./arduino/HardwareSerial2.o
LOAD ./arduino/HardwareSerial3.o
LOAD ./arduino/IPAddress.o
LOAD ./arduino/PluggableUSB.o
LOAD ./arduino/Print.o
LOAD ./arduino/Stream.o
LOAD ./arduino/Tone.o
LOAD ./arduino/USBCore.o
LOAD ./arduino/WInterrupts.o
LOAD ./arduino/WMath.o
LOAD ./arduino/WString.o
LOAD ./arduino/abi.o
LOAD ./arduino/hooks.o
LOAD ./arduino/main.o
LOAD ./arduino/new.o
LOAD ./arduino/wiring.o
LOAD ./arduino/wiring_analog.o
LOAD ./arduino/wiring_digital.o
LOAD ./arduino/wiring_pulse.o
LOAD ./arduino/wiring_shift.o
LOAD ./qn2.o
LOAD ./test.o
LOAD C:/freeRTOS/Release/libfreeRTOS.a
LOAD c:/arduino/hardware/tools/avr/bin/../lib/gcc/avr/4.8.1/avr5\libgcc.a
LOAD c:/arduino/hardware/tools/avr/bin/../lib/gcc/avr/4.8.1/../../../../avr/lib/avr5\libm.a
START GROUP
LOAD c:/arduino/hardware/tools/avr/bin/../lib/gcc/avr/4.8.1/avr5\libgcc.a
LOAD c:/arduino/hardware/tools/avr/bin/../lib/gcc/avr/4.8.1/../../../../avr/lib/avr5\libm.a
LOAD c:/arduino/hardware/tools/avr/bin/../lib/gcc/avr/4.8.1/../../../../avr/lib/avr5\libc.a
END GROUP

.hash
 *(.hash)

.dynsym
 *(.dynsym)

.dynstr
 *(.dynstr)

.gnu.version
 *(.gnu.version)

.gnu.version_d
 *(.gnu.version_d)

.gnu.version_r
 *(.gnu.version_r)

.rel.init
 *(.rel.init)

.rela.init
 *(.rela.init)

.rel.text
 *(.rel.text)
 *(.rel.text.*)
 *(.rel.gnu.linkonce.t*)

.rela.text
 *(.rela.text)
 *(.rela.text.*)
 *(.rela.gnu.linkonce.t*)

.rel.fini
 *(.rel.fini)

.rela.fini
 *(.rela.fini)

.rel.rodata
 *(.rel.rodata)
 *(.rel.rodata.*)
 *(.rel.gnu.linkonce.r*)

.rela.rodata
 *(.rela.rodata)
 *(.rela.rodata.*)
 *(.rela.gnu.linkonce.r*)

.rel.data
 *(.rel.data)
 *(.rel.data.*)
 *(.rel.gnu.linkonce.d*)

.rela.data
 *(.rela.data)
 *(.rela.data.*)
 *(.rela.gnu.linkonce.d*)

.rel.ctors
 *(.rel.ctors)

.rela.ctors
 *(.rela.ctors)

.rel.dtors
 *(.rel.dtors)

.rela.dtors
 *(.rela.dtors)

.rel.got
 *(.rel.got)

.rela.got
 *(.rela.got)

.rel.bss
 *(.rel.bss)

.rela.bss
 *(.rela.bss)

.rel.plt
 *(.rel.plt)

.rela.plt
 *(.rela.plt)

.text           0x00000000     0x227e
 *(.vectors)
 .vectors       0x00000000       0x68 c:/arduino/hardware/tools/avr/bin/../lib/gcc/avr/4.8.1/../../../../avr/lib/avr5/crtm328p.o
                0x00000000                __vector_default
                0x00000000                __vectors
 *(.vectors)
 *(.progmem.gcc*)
                0x00000068                . = ALIGN (0x2)
                0x00000068                __trampolines_start = .
 *(.trampolines)
 .trampolines   0x00000068        0x0 linker stubs
 *(.trampolines*)
                0x00000068                __trampolines_end = .
 *(.progmem*)
 .progmem.data._ZL21tone_pin_to_timer_PGM
                0x00000068        0x1 ./arduino/Tone.o
 .progmem.data.port_to_mode_PGM
                0x00000069        0xa ./arduino/wiring_digital.o
                0x00000069                port_to_mode_PGM
 .progmem.data.port_to_output_PGM
                0x00000073        0xa ./arduino/wiring_digital.o
                0x00000073                port_to_output_PGM
 .progmem.data.digital_pin_to_port_PGM
                0x0000007d       0x14 ./arduino/wiring_digital.o
                0x0000007d                digital_pin_to_port_PGM
 .progmem.data.digital_pin_to_bit_mask_PGM
                0x00000091       0x14 ./arduino/wiring_digital.o
                0x00000091                digital_pin_to_bit_mask_PGM
 .progmem.data.digital_pin_to_timer_PGM
                0x000000a5       0x14 ./arduino/wiring_digital.o
                0x000000a5                digital_pin_to_timer_PGM
                0x000000ba                . = ALIGN (0x2)
 *fill*         0x000000b9        0x1 
 *(.jumptables)
 *(.jumptables*)
 *(.lowtext)
 *(.lowtext*)
                0x000000ba                __ctors_start = .
 *(.ctors)
 .ctors         0x000000ba        0x2 ./arduino/HardwareSerial0.o
 .ctors         0x000000bc        0x2 ./arduino/IPAddress.o
                0x000000be                __ctors_end = .
                0x000000be                __dtors_start = .
 *(.dtors)
                0x000000be                __dtors_end = .
 SORT(*)(.ctors)
 SORT(*)(.dtors)
 *(.init0)
 .init0         0x000000be        0x0 c:/arduino/hardware/tools/avr/bin/../lib/gcc/avr/4.8.1/../../../../avr/lib/avr5/crtm328p.o
                0x000000be                __init
 *(.init0)
 *(.init1)
 *(.init1)
 *(.init2)
 .init2         0x000000be        0xc c:/arduino/hardware/tools/avr/bin/../lib/gcc/avr/4.8.1/../../../../avr/lib/avr5/crtm328p.o
 *(.init2)
 *(.init3)
 *(.init3)
 *(.init4)
 .init4         0x000000ca       0x16 c:/arduino/hardware/tools/avr/bin/../lib/gcc/avr/4.8.1/avr5\libgcc.a(_copy_data.o)
                0x000000ca                __do_copy_data
 .init4         0x000000e0       0x10 c:/arduino/hardware/tools/avr/bin/../lib/gcc/avr/4.8.1/avr5\libgcc.a(_clear_bss.o)
                0x000000e0                __do_clear_bss
 *(.init4)
 *(.init5)
 *(.init5)
 *(.init6)
 .init6         0x000000f0       0x16 c:/arduino/hardware/tools/avr/bin/../lib/gcc/avr/4.8.1/avr5\libgcc.a(_ctors.o)
                0x000000f0                __do_global_ctors
 *(.init6)
 *(.init7)
 *(.init7)
 *(.init8)
 *(.init8)
 *(.init9)
 .init9         0x00000106        0x6 c:/arduino/hardware/tools/avr/bin/../lib/gcc/avr/4.8.1/../../../../avr/lib/avr5/crtm328p.o
 *(.init9)
 *(.text)
 .text          0x0000010c        0x2 c:/arduino/hardware/tools/avr/bin/../lib/gcc/avr/4.8.1/../../../../avr/lib/avr5/crtm328p.o
                0x0000010c                __vector_22
                0x0000010c                __vector_24
                0x0000010c                __vector_12
                0x0000010c                __bad_interrupt
                0x0000010c                __vector_6
                0x0000010c                __vector_3
                0x0000010c                __vector_23
                0x0000010c                __vector_25
                0x0000010c                __vector_13
                0x0000010c                __vector_17
                0x0000010c                __vector_5
                0x0000010c                __vector_4
                0x0000010c                __vector_9
                0x0000010c                __vector_21
                0x0000010c                __vector_15
                0x0000010c                __vector_8
                0x0000010c                __vector_14
                0x0000010c                __vector_10
                0x0000010c                __vector_20
                0x0000010e                . = ALIGN (0x2)
 *(.text.*)
 .text._Z14serialEventRunv
                0x0000010e       0x32 ./arduino/HardwareSerial.o
                0x0000010e                _Z14serialEventRunv
 .text._ZN14HardwareSerial17_tx_udr_empty_irqEv
                0x00000140       0xca ./arduino/HardwareSerial.o
                0x00000140                _ZN14HardwareSerial17_tx_udr_empty_irqEv
 .text._ZN14HardwareSerial9availableEv
                0x0000020a       0x42 ./arduino/HardwareSerial.o
                0x0000020a                _ZN14HardwareSerial9availableEv
 .text._ZN14HardwareSerial4peekEv
                0x0000024c       0x58 ./arduino/HardwareSerial.o
                0x0000024c                _ZN14HardwareSerial4peekEv
 .text._ZN14HardwareSerial4readEv
                0x000002a4       0x76 ./arduino/HardwareSerial.o
                0x000002a4                _ZN14HardwareSerial4readEv
 .text._ZN14HardwareSerial5flushEv
                0x0000031a       0xc4 ./arduino/HardwareSerial.o
                0x0000031a                _ZN14HardwareSerial5flushEv
 .text._ZN14HardwareSerial5writeEh
                0x000003de      0x154 ./arduino/HardwareSerial.o
                0x000003de                _ZN14HardwareSerial5writeEh
 .text._ZN5PrintC2Ev
                0x00000532       0x30 ./arduino/HardwareSerial0.o
                0x00000532                _ZN5PrintC2Ev
                0x00000532                _ZN5PrintC1Ev
 .text._ZN6StreamC2Ev
                0x00000562       0x42 ./arduino/HardwareSerial0.o
                0x00000562                _ZN6StreamC1Ev
                0x00000562                _ZN6StreamC2Ev
 .text._ZN14HardwareSerialC2EPVhS1_S1_S1_S1_S1_
                0x000005a4       0xe2 ./arduino/HardwareSerial0.o
                0x000005a4                _ZN14HardwareSerialC2EPVhS1_S1_S1_S1_S1_
                0x000005a4                _ZN14HardwareSerialC1EPVhS1_S1_S1_S1_S1_
 .text._ZN14HardwareSerial16_rx_complete_irqEv
                0x00000686       0xaa ./arduino/HardwareSerial0.o
                0x00000686                _ZN14HardwareSerial16_rx_complete_irqEv
 .text.__vector_18
                0x00000730       0x5a ./arduino/HardwareSerial0.o
                0x00000730                __vector_18
 .text.__vector_19
                0x0000078a       0x5a ./arduino/HardwareSerial0.o
                0x0000078a                __vector_19
 .text._Z17Serial0_availablev
                0x000007e4       0x1e ./arduino/HardwareSerial0.o
                0x000007e4                _Z17Serial0_availablev
 .text._Z41__static_initialization_and_destruction_0ii
                0x00000802       0x7a ./arduino/HardwareSerial0.o
 .text._GLOBAL__sub_I___vector_18
                0x0000087c       0x18 ./arduino/HardwareSerial0.o
 .text._ZN9PrintableC2Ev
                0x00000894       0x26 ./arduino/IPAddress.o
                0x00000894                _ZN9PrintableC1Ev
                0x00000894                _ZN9PrintableC2Ev
 .text._ZN9IPAddressC2Ehhhh
                0x000008ba       0x6c ./arduino/IPAddress.o
                0x000008ba                _ZN9IPAddressC2Ehhhh
                0x000008ba                _ZN9IPAddressC1Ehhhh
 .text._ZNK9IPAddress7printToER5Print
                0x00000926       0xae ./arduino/IPAddress.o
                0x00000926                _ZNK9IPAddress7printToER5Print
 .text._Z41__static_initialization_and_destruction_0ii
                0x000009d4       0x4a ./arduino/IPAddress.o
 .text._GLOBAL__sub_I__ZN9IPAddressC2Ev
                0x00000a1e       0x18 ./arduino/IPAddress.o
 .text._ZN5Print5writeEPKc
                0x00000a36       0x62 ./arduino/Print.o
                0x00000a36                _ZN5Print5writeEPKc
 .text._ZN5Print5writeEPKhj
                0x00000a98       0x9c ./arduino/Print.o
                0x00000a98                _ZN5Print5writeEPKhj
 .text._ZN5Print5printEc
                0x00000b34       0x38 ./arduino/Print.o
                0x00000b34                _ZN5Print5printEc
 .text._ZN5Print5printEhi
                0x00000b6c       0x42 ./arduino/Print.o
                0x00000b6c                _ZN5Print5printEhi
 .text._ZN5Print5printEmi
                0x00000bae       0x72 ./arduino/Print.o
                0x00000bae                _ZN5Print5printEmi
 .text._ZN5Print11printNumberEmh
                0x00000c20       0xe6 ./arduino/Print.o
                0x00000c20                _ZN5Print11printNumberEmh
 .text._Z12disableTimerh
                0x00000d06       0x82 ./arduino/Tone.o
                0x00000d06                _Z12disableTimerh
 .text._Z6noToneh
                0x00000d88       0x8c ./arduino/Tone.o
                0x00000d88                _Z6noToneh
 .text.__vector_7
                0x00000e14       0xe2 ./arduino/Tone.o
                0x00000e14                __vector_7
 .text.nothing  0x00000ef6        0xe ./arduino/WInterrupts.o
 .text.__vector_1
                0x00000f04       0x60 ./arduino/WInterrupts.o
                0x00000f04                __vector_1
 .text.__vector_2
                0x00000f64       0x60 ./arduino/WInterrupts.o
                0x00000f64                __vector_2
 .text.__cxa_pure_virtual
                0x00000fc4        0xc ./arduino/abi.o
                0x00000fc4                __cxa_pure_virtual
 .text.__empty  0x00000fd0        0xe ./arduino/hooks.o
                0x00000fd0                yield
 .text.initVariant
                0x00000fde        0xe ./arduino/main.o
                0x00000fde                initVariant
 .text.main     0x00000fec       0x1c ./arduino/main.o
                0x00000fec                main
 .text.__vector_16
                0x00001008       0xe4 ./arduino/wiring.o
                0x00001008                __vector_16
 .text.micros   0x000010ec       0xbe ./arduino/wiring.o
                0x000010ec                micros
 .text.delay    0x000011aa       0x84 ./arduino/wiring.o
                0x000011aa                delay
 .text.init     0x0000122e      0x11c ./arduino/wiring.o
                0x0000122e                init
 .text.pinMode  0x0000134a      0x192 ./arduino/wiring_digital.o
                0x0000134a                pinMode
 .text.turnOffPWM
                0x000014dc       0xc0 ./arduino/wiring_digital.o
 .text.digitalWrite
                0x0000159c      0x10c ./arduino/wiring_digital.o
                0x0000159c                digitalWrite
 .text._Z5task1Pv
                0x000016a8       0x30 ./test.o
                0x000016a8                _Z5task1Pv
 .text.setup    0x000016d8       0x14 ./test.o
                0x000016d8                setup
 .text.loop     0x000016ec       0x4c ./test.o
                0x000016ec                loop
 .text.prvResetNextTaskUnblockTime
                0x00001738       0x44 C:/freeRTOS/Release/libfreeRTOS.a(tasks.o)
 .text.xTaskGenericCreate
                0x0000177c      0x1e6 C:/freeRTOS/Release/libfreeRTOS.a(tasks.o)
                0x0000177c                xTaskGenericCreate
 .text.vTaskStartScheduler
                0x00001962       0x80 C:/freeRTOS/Release/libfreeRTOS.a(tasks.o)
                0x00001962                vTaskStartScheduler
 .text.vTaskSuspendAll
                0x000019e2        0xc C:/freeRTOS/Release/libfreeRTOS.a(tasks.o)
                0x000019e2                vTaskSuspendAll
 .text.xTaskIncrementTick
                0x000019ee      0x194 C:/freeRTOS/Release/libfreeRTOS.a(tasks.o)
                0x000019ee                xTaskIncrementTick
 .text.xTaskResumeAll
                0x00001b82       0xd6 C:/freeRTOS/Release/libfreeRTOS.a(tasks.o)
                0x00001b82                xTaskResumeAll
 .text.prvIdleTask
                0x00001c58       0x5c C:/freeRTOS/Release/libfreeRTOS.a(tasks.o)
 .text.vTaskSwitchContext
                0x00001cb4       0x80 C:/freeRTOS/Release/libfreeRTOS.a(tasks.o)
                0x00001cb4                vTaskSwitchContext
 .text.pvPortMalloc
                0x00001d34      0x120 C:/freeRTOS/Release/libfreeRTOS.a(heap_2.o)
                0x00001d34                pvPortMalloc
 .text.vPortFree
                0x00001e54       0x54 C:/freeRTOS/Release/libfreeRTOS.a(heap_2.o)
                0x00001e54                vPortFree
 .text.pxPortInitialiseStack
                0x00001ea8       0xd8 C:/freeRTOS/Release/libfreeRTOS.a(port.o)
                0x00001ea8                pxPortInitialiseStack
 .text.xPortStartScheduler
                0x00001f80       0x76 C:/freeRTOS/Release/libfreeRTOS.a(port.o)
                0x00001f80                xPortStartScheduler
 .text.vPortYield
                0x00001ff6       0xb0 C:/freeRTOS/Release/libfreeRTOS.a(port.o)
                0x00001ff6                vPortYield
 .text.vPortYieldFromTick
                0x000020a6       0xb4 C:/freeRTOS/Release/libfreeRTOS.a(port.o)
                0x000020a6                vPortYieldFromTick
 .text.__vector_11
                0x0000215a        0x4 C:/freeRTOS/Release/libfreeRTOS.a(port.o)
                0x0000215a                __vector_11
 .text.vListInitialise
                0x0000215e       0x22 C:/freeRTOS/Release/libfreeRTOS.a(list.o)
                0x0000215e                vListInitialise
 .text.vListInitialiseItem
                0x00002180        0x8 C:/freeRTOS/Release/libfreeRTOS.a(list.o)
                0x00002180                vListInitialiseItem
 .text.vListInsertEnd
                0x00002188       0x42 C:/freeRTOS/Release/libfreeRTOS.a(list.o)
                0x00002188                vListInsertEnd
 .text.uxListRemove
                0x000021ca       0x46 C:/freeRTOS/Release/libfreeRTOS.a(list.o)
                0x000021ca                uxListRemove
 .text.libgcc.div
                0x00002210       0x44 c:/arduino/hardware/tools/avr/bin/../lib/gcc/avr/4.8.1/avr5\libgcc.a(_udivmodsi4.o)
                0x00002210                __udivmodsi4
 .text.libgcc   0x00002254        0xc c:/arduino/hardware/tools/avr/bin/../lib/gcc/avr/4.8.1/avr5\libgcc.a(_tablejump.o)
                0x00002254                __tablejump2__
                0x00002258                __tablejump__
 .text.avr-libc
                0x00002260        0x8 c:/arduino/hardware/tools/avr/bin/../lib/gcc/avr/4.8.1/../../../../avr/lib/avr5\libc.a(abort.o)
                0x00002260                abort
 .text.avr-libc
                0x00002268       0x12 c:/arduino/hardware/tools/avr/bin/../lib/gcc/avr/4.8.1/../../../../avr/lib/avr5\libc.a(strlen.o)
                0x00002268                strlen
                0x0000227a                . = ALIGN (0x2)
 *(.fini9)
 .fini9         0x0000227a        0x0 c:/arduino/hardware/tools/avr/bin/../lib/gcc/avr/4.8.1/avr5\libgcc.a(_exit.o)
                0x0000227a                _exit
                0x0000227a                exit
 *(.fini9)
 *(.fini8)
 *(.fini8)
 *(.fini7)
 *(.fini7)
 *(.fini6)
 *(.fini6)
 *(.fini5)
 *(.fini5)
 *(.fini4)
 *(.fini4)
 *(.fini3)
 *(.fini3)
 *(.fini2)
 *(.fini2)
 *(.fini1)
 *(.fini1)
 *(.fini0)
 .fini0         0x0000227a        0x4 c:/arduino/hardware/tools/avr/bin/../lib/gcc/avr/4.8.1/avr5\libgcc.a(_exit.o)
 *(.fini0)
                0x0000227e                _etext = .

.data           0x00800100       0x50 load address 0x0000227e
                0x00800100                PROVIDE (__data_start, .)
 *(.data)
 .data          0x00800100        0x0 c:/arduino/hardware/tools/avr/bin/../lib/gcc/avr/4.8.1/../../../../avr/lib/avr5/crtm328p.o
 .data          0x00800100        0x0 ./arduino/CDC.o
 .data          0x00800100        0x0 ./arduino/HardwareSerial.o
 .data          0x00800100        0x0 ./arduino/HardwareSerial0.o
 .data          0x00800100        0x0 ./arduino/HardwareSerial1.o
 .data          0x00800100        0x0 ./arduino/HardwareSerial2.o
 .data          0x00800100        0x0 ./arduino/HardwareSerial3.o
 .data          0x00800100        0x0 ./arduino/IPAddress.o
 .data          0x00800100        0x0 ./arduino/PluggableUSB.o
 .data          0x00800100        0x0 ./arduino/Print.o
 .data          0x00800100        0x0 ./arduino/Stream.o
 .data          0x00800100        0x0 ./arduino/Tone.o
 .data          0x00800100        0x0 ./arduino/USBCore.o
 .data          0x00800100        0x0 ./arduino/WInterrupts.o
 .data          0x00800100        0x0 ./arduino/WMath.o
 .data          0x00800100        0x0 ./arduino/WString.o
 .data          0x00800100        0x0 ./arduino/abi.o
 .data          0x00800100        0x0 ./arduino/hooks.o
 .data          0x00800100        0x0 ./arduino/main.o
 .data          0x00800100        0x0 ./arduino/new.o
 .data          0x00800100        0x0 ./arduino/wiring.o
 .data          0x00800100        0x0 ./arduino/wiring_analog.o
 .data          0x00800100        0x0 ./arduino/wiring_digital.o
 .data          0x00800100        0x0 ./arduino/wiring_pulse.o
 .data          0x00800100        0x0 ./arduino/wiring_shift.o
 .data          0x00800100        0x0 ./qn2.o
 .data          0x00800100        0x0 ./test.o
 .data          0x00800100        0x0 C:/freeRTOS/Release/libfreeRTOS.a(tasks.o)
 .data          0x00800100        0x0 C:/freeRTOS/Release/libfreeRTOS.a(heap_2.o)
 .data          0x00800100        0x0 C:/freeRTOS/Release/libfreeRTOS.a(port.o)
 .data          0x00800100        0x0 C:/freeRTOS/Release/libfreeRTOS.a(list.o)
 .data          0x00800100        0x0 c:/arduino/hardware/tools/avr/bin/../lib/gcc/avr/4.8.1/avr5\libgcc.a(_mulsi3.o)
 .data          0x00800100        0x0 c:/arduino/hardware/tools/avr/bin/../lib/gcc/avr/4.8.1/avr5\libgcc.a(_udivmodsi4.o)
 .data          0x00800100        0x0 c:/arduino/hardware/tools/avr/bin/../lib/gcc/avr/4.8.1/avr5\libgcc.a(_divmodsi4.o)
 .data          0x00800100        0x0 c:/arduino/hardware/tools/avr/bin/../lib/gcc/avr/4.8.1/avr5\libgcc.a(_negsi2.o)
 .data          0x00800100        0x0 c:/arduino/hardware/tools/avr/bin/../lib/gcc/avr/4.8.1/avr5\libgcc.a(_exit.o)
 .data          0x00800100        0x0 c:/arduino/hardware/tools/avr/bin/../lib/gcc/avr/4.8.1/avr5\libgcc.a(_copy_data.o)
 .data          0x00800100        0x0 c:/arduino/hardware/tools/avr/bin/../lib/gcc/avr/4.8.1/avr5\libgcc.a(_clear_bss.o)
 .data          0x00800100        0x0 c:/arduino/hardware/tools/avr/bin/../lib/gcc/avr/4.8.1/avr5\libgcc.a(_ctors.o)
 .data          0x00800100        0x0 c:/arduino/hardware/tools/avr/bin/../lib/gcc/avr/4.8.1/avr5\libgcc.a(_muluhisi3.o)
 .data          0x00800100        0x0 c:/arduino/hardware/tools/avr/bin/../lib/gcc/avr/4.8.1/avr5\libgcc.a(_tablejump.o)
 .data          0x00800100        0x0 c:/arduino/hardware/tools/avr/bin/../lib/gcc/avr/4.8.1/avr5\libgcc.a(_umulhisi3.o)
 .data          0x00800100        0x0 c:/arduino/hardware/tools/avr/bin/../lib/gcc/avr/4.8.1/../../../../avr/lib/avr5\libm.a(addsf3.o)
 .data          0x00800100        0x0 c:/arduino/hardware/tools/avr/bin/../lib/gcc/avr/4.8.1/../../../../avr/lib/avr5\libm.a(addsf3x.o)
 .data          0x00800100        0x0 c:/arduino/hardware/tools/avr/bin/../lib/gcc/avr/4.8.1/../../../../avr/lib/avr5\libm.a(cmpsf2.o)
 .data          0x00800100        0x0 c:/arduino/hardware/tools/avr/bin/../lib/gcc/avr/4.8.1/../../../../avr/lib/avr5\libm.a(divsf3.o)
 .data          0x00800100        0x0 c:/arduino/hardware/tools/avr/bin/../lib/gcc/avr/4.8.1/../../../../avr/lib/avr5\libm.a(divsf3x.o)
 .data          0x00800100        0x0 c:/arduino/hardware/tools/avr/bin/../lib/gcc/avr/4.8.1/../../../../avr/lib/avr5\libm.a(fixsfsi.o)
 .data          0x00800100        0x0 c:/arduino/hardware/tools/avr/bin/../lib/gcc/avr/4.8.1/../../../../avr/lib/avr5\libm.a(fixunssfsi.o)
 .data          0x00800100        0x0 c:/arduino/hardware/tools/avr/bin/../lib/gcc/avr/4.8.1/../../../../avr/lib/avr5\libm.a(floatsisf.o)
 .data          0x00800100        0x0 c:/arduino/hardware/tools/avr/bin/../lib/gcc/avr/4.8.1/../../../../avr/lib/avr5\libm.a(fp_cmp.o)
 .data          0x00800100        0x0 c:/arduino/hardware/tools/avr/bin/../lib/gcc/avr/4.8.1/../../../../avr/lib/avr5\libm.a(fp_inf.o)
 .data          0x00800100        0x0 c:/arduino/hardware/tools/avr/bin/../lib/gcc/avr/4.8.1/../../../../avr/lib/avr5\libm.a(fp_nan.o)
 .data          0x00800100        0x0 c:/arduino/hardware/tools/avr/bin/../lib/gcc/avr/4.8.1/../../../../avr/lib/avr5\libm.a(fp_pscA.o)
 .data          0x00800100        0x0 c:/arduino/hardware/tools/avr/bin/../lib/gcc/avr/4.8.1/../../../../avr/lib/avr5\libm.a(fp_pscB.o)
 .data          0x00800100        0x0 c:/arduino/hardware/tools/avr/bin/../lib/gcc/avr/4.8.1/../../../../avr/lib/avr5\libm.a(fp_round.o)
 .data          0x00800100        0x0 c:/arduino/hardware/tools/avr/bin/../lib/gcc/avr/4.8.1/../../../../avr/lib/avr5\libm.a(fp_split3.o)
 .data          0x00800100        0x0 c:/arduino/hardware/tools/avr/bin/../lib/gcc/avr/4.8.1/../../../../avr/lib/avr5\libm.a(fp_zero.o)
 .data          0x00800100        0x0 c:/arduino/hardware/tools/avr/bin/../lib/gcc/avr/4.8.1/../../../../avr/lib/avr5\libm.a(gesf2.o)
 .data          0x00800100        0x0 c:/arduino/hardware/tools/avr/bin/../lib/gcc/avr/4.8.1/../../../../avr/lib/avr5\libm.a(mulsf3.o)
 .data          0x00800100        0x0 c:/arduino/hardware/tools/avr/bin/../lib/gcc/avr/4.8.1/../../../../avr/lib/avr5\libm.a(mulsf3x.o)
 .data          0x00800100        0x0 c:/arduino/hardware/tools/avr/bin/../lib/gcc/avr/4.8.1/../../../../avr/lib/avr5\libm.a(unordsf2.o)
 .data          0x00800100        0x0 c:/arduino/hardware/tools/avr/bin/../lib/gcc/avr/4.8.1/../../../../avr/lib/avr5\libc.a(dtostrf.o)
 .data          0x00800100        0x6 c:/arduino/hardware/tools/avr/bin/../lib/gcc/avr/4.8.1/../../../../avr/lib/avr5\libc.a(malloc.o)
                0x00800100                __malloc_heap_end
                0x00800102                __malloc_heap_start
                0x00800104                __malloc_margin
 .data          0x00800106        0x4 c:/arduino/hardware/tools/avr/bin/../lib/gcc/avr/4.8.1/../../../../avr/lib/avr5\libc.a(random.o)
 .data          0x0080010a        0x0 c:/arduino/hardware/tools/avr/bin/../lib/gcc/avr/4.8.1/../../../../avr/lib/avr5\libc.a(realloc.o)
 .data          0x0080010a        0x0 c:/arduino/hardware/tools/avr/bin/../lib/gcc/avr/4.8.1/../../../../avr/lib/avr5\libc.a(abort.o)
 .data          0x0080010a        0x0 c:/arduino/hardware/tools/avr/bin/../lib/gcc/avr/4.8.1/../../../../avr/lib/avr5\libc.a(atof.o)
 .data          0x0080010a        0x0 c:/arduino/hardware/tools/avr/bin/../lib/gcc/avr/4.8.1/../../../../avr/lib/avr5\libc.a(atol.o)
 .data          0x0080010a        0x0 c:/arduino/hardware/tools/avr/bin/../lib/gcc/avr/4.8.1/../../../../avr/lib/avr5\libc.a(isspace.o)
 .data          0x0080010a        0x0 c:/arduino/hardware/tools/avr/bin/../lib/gcc/avr/4.8.1/../../../../avr/lib/avr5\libc.a(tolower.o)
 .data          0x0080010a        0x0 c:/arduino/hardware/tools/avr/bin/../lib/gcc/avr/4.8.1/../../../../avr/lib/avr5\libc.a(toupper.o)
 .data          0x0080010a        0x0 c:/arduino/hardware/tools/avr/bin/../lib/gcc/avr/4.8.1/../../../../avr/lib/avr5\libc.a(strcpy_P.o)
 .data          0x0080010a        0x0 c:/arduino/hardware/tools/avr/bin/../lib/gcc/avr/4.8.1/../../../../avr/lib/avr5\libc.a(strlen_P.o)
 .data          0x0080010a        0x0 c:/arduino/hardware/tools/avr/bin/../lib/gcc/avr/4.8.1/../../../../avr/lib/avr5\libc.a(memcmp.o)
 .data          0x0080010a        0x0 c:/arduino/hardware/tools/avr/bin/../lib/gcc/avr/4.8.1/../../../../avr/lib/avr5\libc.a(memcpy.o)
 .data          0x0080010a        0x0 c:/arduino/hardware/tools/avr/bin/../lib/gcc/avr/4.8.1/../../../../avr/lib/avr5\libc.a(memmove.o)
 .data          0x0080010a        0x0 c:/arduino/hardware/tools/avr/bin/../lib/gcc/avr/4.8.1/../../../../avr/lib/avr5\libc.a(strchr.o)
 .data          0x0080010a        0x0 c:/arduino/hardware/tools/avr/bin/../lib/gcc/avr/4.8.1/../../../../avr/lib/avr5\libc.a(strcmp.o)
 .data          0x0080010a        0x0 c:/arduino/hardware/tools/avr/bin/../lib/gcc/avr/4.8.1/../../../../avr/lib/avr5\libc.a(strcpy.o)
 .data          0x0080010a        0x0 c:/arduino/hardware/tools/avr/bin/../lib/gcc/avr/4.8.1/../../../../avr/lib/avr5\libc.a(strlen.o)
 .data          0x0080010a        0x0 c:/arduino/hardware/tools/avr/bin/../lib/gcc/avr/4.8.1/../../../../avr/lib/avr5\libc.a(strncmp.o)
 .data          0x0080010a        0x0 c:/arduino/hardware/tools/avr/bin/../lib/gcc/avr/4.8.1/../../../../avr/lib/avr5\libc.a(strncpy.o)
 .data          0x0080010a        0x0 c:/arduino/hardware/tools/avr/bin/../lib/gcc/avr/4.8.1/../../../../avr/lib/avr5\libc.a(strrchr.o)
 .data          0x0080010a        0x0 c:/arduino/hardware/tools/avr/bin/../lib/gcc/avr/4.8.1/../../../../avr/lib/avr5\libc.a(strstr.o)
 .data          0x0080010a        0x0 c:/arduino/hardware/tools/avr/bin/../lib/gcc/avr/4.8.1/../../../../avr/lib/avr5\libc.a(itoa.o)
 .data          0x0080010a        0x0 c:/arduino/hardware/tools/avr/bin/../lib/gcc/avr/4.8.1/../../../../avr/lib/avr5\libc.a(itoa_ncheck.o)
 .data          0x0080010a        0x0 c:/arduino/hardware/tools/avr/bin/../lib/gcc/avr/4.8.1/../../../../avr/lib/avr5\libc.a(ltoa.o)
 .data          0x0080010a        0x0 c:/arduino/hardware/tools/avr/bin/../lib/gcc/avr/4.8.1/../../../../avr/lib/avr5\libc.a(ltoa_ncheck.o)
 .data          0x0080010a        0x0 c:/arduino/hardware/tools/avr/bin/../lib/gcc/avr/4.8.1/../../../../avr/lib/avr5\libc.a(mulsi10.o)
 .data          0x0080010a        0x0 c:/arduino/hardware/tools/avr/bin/../lib/gcc/avr/4.8.1/../../../../avr/lib/avr5\libc.a(ultoa.o)
 .data          0x0080010a        0x0 c:/arduino/hardware/tools/avr/bin/../lib/gcc/avr/4.8.1/../../../../avr/lib/avr5\libc.a(ultoa_ncheck.o)
 .data          0x0080010a        0x0 c:/arduino/hardware/tools/avr/bin/../lib/gcc/avr/4.8.1/../../../../avr/lib/avr5\libc.a(utoa.o)
 .data          0x0080010a        0x0 c:/arduino/hardware/tools/avr/bin/../lib/gcc/avr/4.8.1/../../../../avr/lib/avr5\libc.a(utoa_ncheck.o)
 .data          0x0080010a        0x0 c:/arduino/hardware/tools/avr/bin/../lib/gcc/avr/4.8.1/../../../../avr/lib/avr5\libc.a(dtoa_prf.o)
 .data          0x0080010a        0x0 c:/arduino/hardware/tools/avr/bin/../lib/gcc/avr/4.8.1/../../../../avr/lib/avr5\libc.a(strtod.o)
 .data          0x0080010a        0x0 c:/arduino/hardware/tools/avr/bin/../lib/gcc/avr/4.8.1/../../../../avr/lib/avr5\libc.a(ftoa_engine.o)
 .data          0x0080010a        0x0 c:/arduino/hardware/tools/avr/bin/../lib/gcc/avr/4.8.1/../../../../avr/lib/avr5\libc.a(cty_isfalse.o)
 .data          0x0080010a        0x0 c:/arduino/hardware/tools/avr/bin/../lib/gcc/avr/4.8.1/../../../../avr/lib/avr5\libc.a(strncasecmp_P.o)
 .data          0x0080010a        0x0 c:/arduino/hardware/tools/avr/bin/../lib/gcc/avr/4.8.1/../../../../avr/lib/avr5\libc.a(strrev.o)
 .data          0x0080010a        0x0 c:/arduino/hardware/tools/avr/bin/../lib/gcc/avr/4.8.1/../../../../avr/lib/avr5\libc.a(errno.o)
 .data          0x0080010a        0x0 c:/arduino/hardware/tools/avr/bin/../lib/gcc/avr/4.8.1/avr5\libgcc.a(_mulshisi3.o)
 .data          0x0080010a        0x0 c:/arduino/hardware/tools/avr/bin/../lib/gcc/avr/4.8.1/avr5\libgcc.a(_prologue.o)
 .data          0x0080010a        0x0 c:/arduino/hardware/tools/avr/bin/../lib/gcc/avr/4.8.1/avr5\libgcc.a(_epilogue.o)
 *(.data*)
 .data._ZL9tone_pins
                0x0080010a        0x1 ./arduino/Tone.o
 .data.intFunc  0x0080010b        0x4 ./arduino/WInterrupts.o
 .data.xFreeBytesRemaining
                0x0080010f        0x2 C:/freeRTOS/Release/libfreeRTOS.a(heap_2.o)
 *(.rodata)
 .rodata        0x00800111        0x6 ./test.o
 *(.rodata*)
 .rodata._ZTV14HardwareSerial
                0x00800117       0x10 ./arduino/HardwareSerial.o
                0x00800117                _ZTV14HardwareSerial
 .rodata._ZTV6Stream
                0x00800127       0x10 ./arduino/HardwareSerial0.o
                0x00800127                _ZTV6Stream
 .rodata._ZTV9IPAddress
                0x00800137        0x6 ./arduino/IPAddress.o
                0x00800137                _ZTV9IPAddress
 .rodata._ZTV9Printable
                0x0080013d        0x6 ./arduino/IPAddress.o
                0x0080013d                _ZTV9Printable
 .rodata._ZTV5Print
                0x00800143        0x8 ./arduino/Print.o
                0x00800143                _ZTV5Print
 .rodata.str1.1
                0x0080014b        0x5 C:/freeRTOS/Release/libfreeRTOS.a(tasks.o)
 *(.gnu.linkonce.d*)
                0x00800150                . = ALIGN (0x2)
                0x00800150                _edata = .
                0x00800150                PROVIDE (__data_end, .)

.bss            0x00800150      0x749
                0x00800150                PROVIDE (__bss_start, .)
 *(.bss)
 *(.bss*)
 .bss.Serial    0x00800150       0x9d ./arduino/HardwareSerial0.o
                0x00800150                Serial
 .bss._ZL11INADDR_NONE
                0x008001ed        0x6 ./arduino/IPAddress.o
 .bss.timer2_toggle_count
                0x008001f3        0x4 ./arduino/Tone.o
                0x008001f3                timer2_toggle_count
 .bss.timer2_pin_port
                0x008001f7        0x2 ./arduino/Tone.o
                0x008001f7                timer2_pin_port
 .bss.timer2_pin_mask
                0x008001f9        0x1 ./arduino/Tone.o
                0x008001f9                timer2_pin_mask
 .bss.timer0_overflow_count
                0x008001fa        0x4 ./arduino/wiring.o
                0x008001fa                timer0_overflow_count
 .bss.timer0_millis
                0x008001fe        0x4 ./arduino/wiring.o
                0x008001fe                timer0_millis
 .bss.timer0_fract
                0x00800202        0x1 ./arduino/wiring.o
 .bss.uxSchedulerSuspended
                0x00800203        0x1 C:/freeRTOS/Release/libfreeRTOS.a(tasks.o)
 .bss.xNextTaskUnblockTime
                0x00800204        0x4 C:/freeRTOS/Release/libfreeRTOS.a(tasks.o)
 .bss.uxTaskNumber
                0x00800208        0x1 C:/freeRTOS/Release/libfreeRTOS.a(tasks.o)
 .bss.xNumOfOverflows
                0x00800209        0x1 C:/freeRTOS/Release/libfreeRTOS.a(tasks.o)
 .bss.xYieldPending
                0x0080020a        0x1 C:/freeRTOS/Release/libfreeRTOS.a(tasks.o)
 .bss.uxPendedTicks
                0x0080020b        0x1 C:/freeRTOS/Release/libfreeRTOS.a(tasks.o)
 .bss.xSchedulerRunning
                0x0080020c        0x1 C:/freeRTOS/Release/libfreeRTOS.a(tasks.o)
 .bss.uxTopReadyPriority
                0x0080020d        0x1 C:/freeRTOS/Release/libfreeRTOS.a(tasks.o)
 .bss.xTickCount
                0x0080020e        0x4 C:/freeRTOS/Release/libfreeRTOS.a(tasks.o)
 .bss.uxCurrentNumberOfTasks
                0x00800212        0x1 C:/freeRTOS/Release/libfreeRTOS.a(tasks.o)
 .bss.uxTasksDeleted
                0x00800213        0x1 C:/freeRTOS/Release/libfreeRTOS.a(tasks.o)
 .bss.xTasksWaitingTermination
                0x00800214        0xb C:/freeRTOS/Release/libfreeRTOS.a(tasks.o)
 .bss.xPendingReadyList
                0x0080021f        0xb C:/freeRTOS/Release/libfreeRTOS.a(tasks.o)
 .bss.pxOverflowDelayedTaskList
                0x0080022a        0x2 C:/freeRTOS/Release/libfreeRTOS.a(tasks.o)
 .bss.pxDelayedTaskList
                0x0080022c        0x2 C:/freeRTOS/Release/libfreeRTOS.a(tasks.o)
 .bss.xDelayedTaskList2
                0x0080022e        0xb C:/freeRTOS/Release/libfreeRTOS.a(tasks.o)
 .bss.xDelayedTaskList1
                0x00800239        0xb C:/freeRTOS/Release/libfreeRTOS.a(tasks.o)
 .bss.pxReadyTasksLists
                0x00800244       0x6e C:/freeRTOS/Release/libfreeRTOS.a(tasks.o)
 .bss.pxCurrentTCB
                0x008002b2        0x2 C:/freeRTOS/Release/libfreeRTOS.a(tasks.o)
                0x008002b2                pxCurrentTCB
 .bss.xHeapHasBeenInitialised.1882
                0x008002b4        0x1 C:/freeRTOS/Release/libfreeRTOS.a(heap_2.o)
 .bss.xEnd      0x008002b5        0x4 C:/freeRTOS/Release/libfreeRTOS.a(heap_2.o)
 .bss.xStart    0x008002b9        0x4 C:/freeRTOS/Release/libfreeRTOS.a(heap_2.o)
 .bss.ucHeap    0x008002bd      0x5dc C:/freeRTOS/Release/libfreeRTOS.a(heap_2.o)
 *(COMMON)
                0x00800899                PROVIDE (__bss_end, .)
                0x0000227e                __data_load_start = LOADADDR (.data)
                0x000022ce                __data_load_end = (__data_load_start + SIZEOF (.data))

.noinit         0x00800899        0x0
                0x00800899                PROVIDE (__noinit_start, .)
 *(.noinit*)
                0x00800899                PROVIDE (__noinit_end, .)
                0x00800899                _end = .
                0x00800899                PROVIDE (__heap_start, .)

.eeprom         0x00810000        0x0
 *(.eeprom*)
                0x00810000                __eeprom_end = .

.fuse
 *(.fuse)
 *(.lfuse)
 *(.hfuse)
 *(.efuse)

.lock
 *(.lock*)

.signature
 *(.signature*)

.stab           0x00000000     0x9d44
 *(.stab)
 .stab          0x00000000      0x5f4 ./arduino/CDC.o
                                0x69c (size before relaxing)
 .stab          0x000005f4      0xb04 ./arduino/HardwareSerial.o
                                0xd38 (size before relaxing)
 .stab          0x000010f8      0x990 ./arduino/HardwareSerial0.o
                                0x99c (size before relaxing)
 .stab          0x00001a88      0x5f4 ./arduino/HardwareSerial1.o
                                0x6a8 (size before relaxing)
 .stab          0x0000207c      0x5f4 ./arduino/HardwareSerial2.o
                                0x6a8 (size before relaxing)
 .stab          0x00002670      0x5f4 ./arduino/HardwareSerial3.o
                                0x6a8 (size before relaxing)
 .stab          0x00002c64      0x93c ./arduino/IPAddress.o
                                0xccc (size before relaxing)
 .stab          0x000035a0      0x5e8 ./arduino/PluggableUSB.o
                                0x69c (size before relaxing)
 .stab          0x00003b88      0x978 ./arduino/Print.o
                               0x1770 (size before relaxing)
 .stab          0x00004500      0x5dc ./arduino/Stream.o
                               0x1530 (size before relaxing)
 .stab          0x00004adc      0x93c ./arduino/Tone.o
                               0x1164 (size before relaxing)
 .stab          0x00005418      0x5e8 ./arduino/USBCore.o
                                0x69c (size before relaxing)
 .stab          0x00005a00      0x6cc ./arduino/WInterrupts.o
                                0x828 (size before relaxing)
 .stab          0x000060cc      0x348 ./arduino/WMath.o
                                0x564 (size before relaxing)
 .stab          0x00006414      0x504 ./arduino/WString.o
                               0x3360 (size before relaxing)
 .stab          0x00006918      0x36c ./arduino/abi.o
                                0x3a8 (size before relaxing)
 .stab          0x00006c84      0x27c ./arduino/hooks.o
                                0x288 (size before relaxing)
 .stab          0x00006f00      0x720 ./arduino/main.o
                                0x774 (size before relaxing)
 .stab          0x00007620      0x348 ./arduino/new.o
                                0x450 (size before relaxing)
 .stab          0x00007968      0x6fc ./arduino/wiring.o
                                0xa98 (size before relaxing)
 .stab          0x00008064      0x2e8 ./arduino/wiring_analog.o
                                0x90c (size before relaxing)
 .stab          0x0000834c      0x81c ./arduino/wiring_digital.o
                                0xd68 (size before relaxing)
 .stab          0x00008b68      0x2e8 ./arduino/wiring_pulse.o
                                0xa80 (size before relaxing)
 .stab          0x00008e50      0x2e8 ./arduino/wiring_shift.o
                                0x810 (size before relaxing)
 .stab          0x00009138      0x2f4 ./qn2.o
                                0x300 (size before relaxing)
 .stab          0x0000942c      0x918 ./test.o
                                0x924 (size before relaxing)

.stabstr        0x00000000     0x6f17
 *(.stabstr)
 .stabstr       0x00000000     0x6f17 ./arduino/CDC.o

.stab.excl
 *(.stab.excl)

.stab.exclstr
 *(.stab.exclstr)

.stab.index
 *(.stab.index)

.stab.indexstr
 *(.stab.indexstr)

.comment        0x00000000       0x11
 *(.comment)
 .comment       0x00000000       0x11 ./arduino/CDC.o
                                 0x12 (size before relaxing)
 .comment       0x00000011       0x12 ./arduino/HardwareSerial.o
 .comment       0x00000011       0x12 ./arduino/HardwareSerial0.o
 .comment       0x00000011       0x12 ./arduino/HardwareSerial1.o
 .comment       0x00000011       0x12 ./arduino/HardwareSerial2.o
 .comment       0x00000011       0x12 ./arduino/HardwareSerial3.o
 .comment       0x00000011       0x12 ./arduino/IPAddress.o
 .comment       0x00000011       0x12 ./arduino/PluggableUSB.o
 .comment       0x00000011       0x12 ./arduino/Print.o
 .comment       0x00000011       0x12 ./arduino/Stream.o
 .comment       0x00000011       0x12 ./arduino/Tone.o
 .comment       0x00000011       0x12 ./arduino/USBCore.o
 .comment       0x00000011       0x12 ./arduino/WInterrupts.o
 .comment       0x00000011       0x12 ./arduino/WMath.o
 .comment       0x00000011       0x12 ./arduino/WString.o
 .comment       0x00000011       0x12 ./arduino/abi.o
 .comment       0x00000011       0x12 ./arduino/hooks.o
 .comment       0x00000011       0x12 ./arduino/main.o
 .comment       0x00000011       0x12 ./arduino/new.o
 .comment       0x00000011       0x12 ./arduino/wiring.o
 .comment       0x00000011       0x12 ./arduino/wiring_analog.o
 .comment       0x00000011       0x12 ./arduino/wiring_digital.o
 .comment       0x00000011       0x12 ./arduino/wiring_pulse.o
 .comment       0x00000011       0x12 ./arduino/wiring_shift.o
 .comment       0x00000011       0x12 ./qn2.o
 .comment       0x00000011       0x12 ./test.o
 .comment       0x00000011       0x12 C:/freeRTOS/Release/libfreeRTOS.a(tasks.o)
 .comment       0x00000011       0x12 C:/freeRTOS/Release/libfreeRTOS.a(heap_2.o)
 .comment       0x00000011       0x12 C:/freeRTOS/Release/libfreeRTOS.a(port.o)
 .comment       0x00000011       0x12 C:/freeRTOS/Release/libfreeRTOS.a(list.o)
 .comment       0x00000011       0x12 c:/arduino/hardware/tools/avr/bin/../lib/gcc/avr/4.8.1/../../../../avr/lib/avr5\libc.a(dtostrf.o)
 .comment       0x00000011       0x12 c:/arduino/hardware/tools/avr/bin/../lib/gcc/avr/4.8.1/../../../../avr/lib/avr5\libc.a(malloc.o)
 .comment       0x00000011       0x12 c:/arduino/hardware/tools/avr/bin/../lib/gcc/avr/4.8.1/../../../../avr/lib/avr5\libc.a(random.o)
 .comment       0x00000011       0x12 c:/arduino/hardware/tools/avr/bin/../lib/gcc/avr/4.8.1/../../../../avr/lib/avr5\libc.a(realloc.o)
 .comment       0x00000011       0x12 c:/arduino/hardware/tools/avr/bin/../lib/gcc/avr/4.8.1/../../../../avr/lib/avr5\libc.a(dtoa_prf.o)
 .comment       0x00000011       0x12 c:/arduino/hardware/tools/avr/bin/../lib/gcc/avr/4.8.1/../../../../avr/lib/avr5\libc.a(strtod.o)
 .comment       0x00000011       0x12 c:/arduino/hardware/tools/avr/bin/../lib/gcc/avr/4.8.1/../../../../avr/lib/avr5\libc.a(errno.o)

.note.gnu.build-id
 *(.note.gnu.build-id)

.debug
 *(.debug)

.line
 *(.line)

.debug_srcinfo
 *(.debug_srcinfo)

.debug_sfnames
 *(.debug_sfnames)

.debug_aranges
 *(.debug_aranges)

.debug_pubnames
 *(.debug_pubnames)

.debug_info
 *(.debug_info .gnu.linkonce.wi.*)

.debug_abbrev
 *(.debug_abbrev)

.debug_line
 *(.debug_line .debug_line.* .debug_line_end)

.debug_frame
 *(.debug_frame)

.debug_str
 *(.debug_str)

.debug_loc
 *(.debug_loc)

.debug_macinfo
 *(.debug_macinfo)

.debug_weaknames
 *(.debug_weaknames)

.debug_funcnames
 *(.debug_funcnames)

.debug_typenames
 *(.debug_typenames)

.debug_varnames
 *(.debug_varnames)

.debug_pubtypes
 *(.debug_pubtypes)

.debug_ranges
 *(.debug_ranges)

.debug_macro
 *(.debug_macro)
OUTPUT(Lab4.elf elf32-avr)
LOAD linker stubs

Cross Reference Table

Symbol                                            File
Serial                                            ./arduino/HardwareSerial0.o
_Z10randomSeedm                                   ./arduino/WMath.o
_Z11serialEventv                                  ./arduino/HardwareSerial.o
_Z12disableTimerh                                 ./arduino/Tone.o
_Z14serialEventRunv                               ./arduino/HardwareSerial.o
                                                  ./arduino/main.o
_Z17Serial0_availablev                            ./arduino/HardwareSerial0.o
                                                  ./arduino/HardwareSerial.o
_Z3maplllll                                       ./arduino/WMath.o
_Z4tonehjm                                        ./arduino/Tone.o
_Z5task1Pv                                        ./test.o
_Z6noToneh                                        ./arduino/Tone.o
_Z6randoml                                        ./arduino/WMath.o
_Z6randomll                                       ./arduino/WMath.o
_Z8makeWordhh                                     ./arduino/WMath.o
_Z8makeWordj                                      ./arduino/WMath.o
_Z8setupUSBv                                      ./arduino/main.o
_ZN14HardwareSerial16_rx_complete_irqEv           ./arduino/HardwareSerial0.o
_ZN14HardwareSerial17_tx_udr_empty_irqEv          ./arduino/HardwareSerial.o
                                                  ./arduino/HardwareSerial0.o
_ZN14HardwareSerial17availableForWriteEv          ./arduino/HardwareSerial.o
_ZN14HardwareSerial3endEv                         ./arduino/HardwareSerial.o
_ZN14HardwareSerial4peekEv                        ./arduino/HardwareSerial.o
_ZN14HardwareSerial4readEv                        ./arduino/HardwareSerial.o
_ZN14HardwareSerial5beginEmh                      ./arduino/HardwareSerial.o
_ZN14HardwareSerial5flushEv                       ./arduino/HardwareSerial.o
_ZN14HardwareSerial5writeEh                       ./arduino/HardwareSerial.o
_ZN14HardwareSerial9availableEv                   ./arduino/HardwareSerial.o
                                                  ./arduino/HardwareSerial0.o
_ZN14HardwareSerialC1EPVhS1_S1_S1_S1_S1_          ./arduino/HardwareSerial0.o
_ZN14HardwareSerialC2EPVhS1_S1_S1_S1_S1_          ./arduino/HardwareSerial0.o
_ZN5Print10printFloatEdh                          ./arduino/Print.o
_ZN5Print11printNumberEmh                         ./arduino/Print.o
_ZN5Print5printEPK19__FlashStringHelper           ./arduino/Print.o
_ZN5Print5printEPKc                               ./arduino/Print.o
_ZN5Print5printERK6String                         ./arduino/Print.o
_ZN5Print5printERK9Printable                      ./arduino/Print.o
_ZN5Print5printEc                                 ./arduino/Print.o
                                                  ./arduino/IPAddress.o
_ZN5Print5printEdi                                ./arduino/Print.o
_ZN5Print5printEhi                                ./arduino/Print.o
                                                  ./arduino/IPAddress.o
_ZN5Print5printEii                                ./arduino/Print.o
_ZN5Print5printEji                                ./arduino/Print.o
_ZN5Print5printEli                                ./arduino/Print.o
_ZN5Print5printEmi                                ./arduino/Print.o
_ZN5Print5writeEPKc                               ./arduino/Print.o
_ZN5Print5writeEPKcj                              ./arduino/Print.o
_ZN5Print5writeEPKhj                              ./arduino/Print.o
                                                  ./arduino/HardwareSerial0.o
                                                  ./arduino/HardwareSerial.o
_ZN5Print7printlnEPK19__FlashStringHelper         ./arduino/Print.o
_ZN5Print7printlnEPKc                             ./arduino/Print.o
_ZN5Print7printlnERK6String                       ./arduino/Print.o
_ZN5Print7printlnERK9Printable                    ./arduino/Print.o
_ZN5Print7printlnEc                               ./arduino/Print.o
_ZN5Print7printlnEdi                              ./arduino/Print.o
_ZN5Print7printlnEhi                              ./arduino/Print.o
_ZN5Print7printlnEii                              ./arduino/Print.o
_ZN5Print7printlnEji                              ./arduino/Print.o
_ZN5Print7printlnEli                              ./arduino/Print.o
_ZN5Print7printlnEmi                              ./arduino/Print.o
_ZN5Print7printlnEv                               ./arduino/Print.o
_ZN5PrintC1Ev                                     ./arduino/HardwareSerial0.o
_ZN5PrintC2Ev                                     ./arduino/HardwareSerial0.o
_ZN6Stream10parseFloatE13LookaheadModec           ./arduino/Stream.o
_ZN6Stream10readStringEv                          ./arduino/Stream.o
_ZN6Stream10setTimeoutEm                          ./arduino/Stream.o
_ZN6Stream13peekNextDigitE13LookaheadModeb        ./arduino/Stream.o
_ZN6Stream14readBytesUntilEcPcj                   ./arduino/Stream.o
_ZN6Stream15readStringUntilEc                     ./arduino/Stream.o
_ZN6Stream4findEPc                                ./arduino/Stream.o
_ZN6Stream4findEPcj                               ./arduino/Stream.o
_ZN6Stream8parseIntE13LookaheadModec              ./arduino/Stream.o
_ZN6Stream9findMultiEPNS_11MultiTargetEi          ./arduino/Stream.o
_ZN6Stream9findUntilEPcS0_                        ./arduino/Stream.o
_ZN6Stream9findUntilEPcjS0_j                      ./arduino/Stream.o
_ZN6Stream9readBytesEPcj                          ./arduino/Stream.o
_ZN6Stream9timedPeekEv                            ./arduino/Stream.o
_ZN6Stream9timedReadEv                            ./arduino/Stream.o
_ZN6StreamC1Ev                                    ./arduino/HardwareSerial0.o
_ZN6StreamC2Ev                                    ./arduino/HardwareSerial0.o
_ZN6String10invalidateEv                          ./arduino/WString.o
_ZN6String11toLowerCaseEv                         ./arduino/WString.o
_ZN6String11toUpperCaseEv                         ./arduino/WString.o
_ZN6String12changeBufferEj                        ./arduino/WString.o
_ZN6String4copyEPK19__FlashStringHelperj          ./arduino/WString.o
_ZN6String4copyEPKcj                              ./arduino/WString.o
_ZN6String4initEv                                 ./arduino/WString.o
_ZN6String4trimEv                                 ./arduino/WString.o
_ZN6String6concatEPK19__FlashStringHelper         ./arduino/WString.o
_ZN6String6concatEPKc                             ./arduino/WString.o
_ZN6String6concatEPKcj                            ./arduino/WString.o
_ZN6String6concatERKS_                            ./arduino/WString.o
_ZN6String6concatEc                               ./arduino/WString.o
                                                  ./arduino/Stream.o
_ZN6String6concatEd                               ./arduino/WString.o
_ZN6String6concatEf                               ./arduino/WString.o
_ZN6String6concatEh                               ./arduino/WString.o
_ZN6String6concatEi                               ./arduino/WString.o
_ZN6String6concatEj                               ./arduino/WString.o
_ZN6String6concatEl                               ./arduino/WString.o
_ZN6String6concatEm                               ./arduino/WString.o
_ZN6String6removeEj                               ./arduino/WString.o
_ZN6String6removeEjj                              ./arduino/WString.o
_ZN6String7replaceERKS_S1_                        ./arduino/WString.o
_ZN6String7replaceEcc                             ./arduino/WString.o
_ZN6String7reserveEj                              ./arduino/WString.o
_ZN6String9setCharAtEjc                           ./arduino/WString.o
_ZN6StringC1EPK19__FlashStringHelper              ./arduino/WString.o
_ZN6StringC1EPKc                                  ./arduino/WString.o
                                                  ./arduino/Stream.o
_ZN6StringC1ERKS_                                 ./arduino/WString.o
_ZN6StringC1Ec                                    ./arduino/WString.o
_ZN6StringC1Edh                                   ./arduino/WString.o
_ZN6StringC1Efh                                   ./arduino/WString.o
_ZN6StringC1Ehh                                   ./arduino/WString.o
_ZN6StringC1Eih                                   ./arduino/WString.o
_ZN6StringC1Ejh                                   ./arduino/WString.o
_ZN6StringC1Elh                                   ./arduino/WString.o
_ZN6StringC1Emh                                   ./arduino/WString.o
_ZN6StringC2EPK19__FlashStringHelper              ./arduino/WString.o
_ZN6StringC2EPKc                                  ./arduino/WString.o
_ZN6StringC2ERKS_                                 ./arduino/WString.o
_ZN6StringC2Ec                                    ./arduino/WString.o
_ZN6StringC2Edh                                   ./arduino/WString.o
_ZN6StringC2Efh                                   ./arduino/WString.o
_ZN6StringC2Ehh                                   ./arduino/WString.o
_ZN6StringC2Eih                                   ./arduino/WString.o
_ZN6StringC2Ejh                                   ./arduino/WString.o
_ZN6StringC2Elh                                   ./arduino/WString.o
_ZN6StringC2Emh                                   ./arduino/WString.o
_ZN6StringD1Ev                                    ./arduino/WString.o
_ZN6StringD2Ev                                    ./arduino/WString.o
_ZN6StringaSEPK19__FlashStringHelper              ./arduino/WString.o
_ZN6StringaSEPKc                                  ./arduino/WString.o
_ZN6StringaSERKS_                                 ./arduino/WString.o
_ZN6StringixEj                                    ./arduino/WString.o
_ZN6StringpLEc                                    ./arduino/Stream.o
_ZN9IPAddress10fromStringEPKc                     ./arduino/IPAddress.o
_ZN9IPAddressC1EPKh                               ./arduino/IPAddress.o
_ZN9IPAddressC1Ehhhh                              ./arduino/IPAddress.o
_ZN9IPAddressC1Em                                 ./arduino/IPAddress.o
_ZN9IPAddressC1Ev                                 ./arduino/IPAddress.o
_ZN9IPAddressC2EPKh                               ./arduino/IPAddress.o
_ZN9IPAddressC2Ehhhh                              ./arduino/IPAddress.o
_ZN9IPAddressC2Em                                 ./arduino/IPAddress.o
_ZN9IPAddressC2Ev                                 ./arduino/IPAddress.o
_ZN9IPAddressaSEPKh                               ./arduino/IPAddress.o
_ZN9IPAddressaSEm                                 ./arduino/IPAddress.o
_ZN9PrintableC1Ev                                 ./arduino/IPAddress.o
_ZN9PrintableC2Ev                                 ./arduino/IPAddress.o
_ZNK6String10startsWithERKS_                      ./arduino/WString.o
_ZNK6String10startsWithERKS_j                     ./arduino/WString.o
_ZNK6String11lastIndexOfERKS_                     ./arduino/WString.o
_ZNK6String11lastIndexOfERKS_j                    ./arduino/WString.o
_ZNK6String11lastIndexOfEc                        ./arduino/WString.o
_ZNK6String11lastIndexOfEcj                       ./arduino/WString.o
_ZNK6String16equalsIgnoreCaseERKS_                ./arduino/WString.o
_ZNK6String5c_strEv                               ./arduino/Print.o
_ZNK6String5toIntEv                               ./arduino/WString.o
_ZNK6String6charAtEj                              ./arduino/WString.o
_ZNK6String6equalsEPKc                            ./arduino/WString.o
_ZNK6String6equalsERKS_                           ./arduino/WString.o
_ZNK6String6lengthEv                              ./arduino/Print.o
_ZNK6String7indexOfERKS_                          ./arduino/WString.o
_ZNK6String7indexOfERKS_j                         ./arduino/WString.o
_ZNK6String7indexOfEc                             ./arduino/WString.o
_ZNK6String7indexOfEcj                            ./arduino/WString.o
_ZNK6String7toFloatEv                             ./arduino/WString.o
_ZNK6String8endsWithERKS_                         ./arduino/WString.o
_ZNK6String8getBytesEPhjj                         ./arduino/WString.o
_ZNK6String9compareToERKS_                        ./arduino/WString.o
_ZNK6String9substringEjj                          ./arduino/WString.o
_ZNK6StringgeERKS_                                ./arduino/WString.o
_ZNK6StringgtERKS_                                ./arduino/WString.o
_ZNK6StringixEj                                   ./arduino/WString.o
_ZNK6StringleERKS_                                ./arduino/WString.o
_ZNK6StringltERKS_                                ./arduino/WString.o
_ZNK9IPAddress7printToER5Print                    ./arduino/IPAddress.o
_ZNK9IPAddresseqEPKh                              ./arduino/IPAddress.o
_ZTV14HardwareSerial                              ./arduino/HardwareSerial.o
                                                  ./arduino/HardwareSerial0.o
_ZTV5Print                                        ./arduino/Print.o
                                                  ./arduino/HardwareSerial0.o
_ZTV6Stream                                       ./arduino/HardwareSerial0.o
_ZTV9IPAddress                                    ./arduino/IPAddress.o
_ZTV9Printable                                    ./arduino/IPAddress.o
_ZdaPv                                            ./arduino/new.o
_ZdlPv                                            ./arduino/new.o
_Znaj                                             ./arduino/new.o
_Znwj                                             ./arduino/new.o
_ZplRK15StringSumHelperPK19__FlashStringHelper    ./arduino/WString.o
_ZplRK15StringSumHelperPKc                        ./arduino/WString.o
_ZplRK15StringSumHelperRK6String                  ./arduino/WString.o
_ZplRK15StringSumHelperc                          ./arduino/WString.o
_ZplRK15StringSumHelperd                          ./arduino/WString.o
_ZplRK15StringSumHelperf                          ./arduino/WString.o
_ZplRK15StringSumHelperh                          ./arduino/WString.o
_ZplRK15StringSumHelperi                          ./arduino/WString.o
_ZplRK15StringSumHelperj                          ./arduino/WString.o
_ZplRK15StringSumHelperl                          ./arduino/WString.o
_ZplRK15StringSumHelperm                          ./arduino/WString.o
__addsf3                                          c:/arduino/hardware/tools/avr/bin/../lib/gcc/avr/4.8.1/../../../../avr/lib/avr5\libm.a(addsf3.o)
                                                  ./arduino/Print.o
__addsf3x                                         c:/arduino/hardware/tools/avr/bin/../lib/gcc/avr/4.8.1/../../../../avr/lib/avr5\libm.a(addsf3x.o)
                                                  c:/arduino/hardware/tools/avr/bin/../lib/gcc/avr/4.8.1/../../../../avr/lib/avr5\libm.a(addsf3.o)
__bad_interrupt                                   c:/arduino/hardware/tools/avr/bin/../lib/gcc/avr/4.8.1/../../../../avr/lib/avr5/crtm328p.o
__brkval                                          c:/arduino/hardware/tools/avr/bin/../lib/gcc/avr/4.8.1/../../../../avr/lib/avr5\libc.a(malloc.o)
                                                  c:/arduino/hardware/tools/avr/bin/../lib/gcc/avr/4.8.1/../../../../avr/lib/avr5\libc.a(realloc.o)
__bss_end                                         c:/arduino/hardware/tools/avr/bin/../lib/gcc/avr/4.8.1/avr5\libgcc.a(_clear_bss.o)
__bss_start                                       c:/arduino/hardware/tools/avr/bin/../lib/gcc/avr/4.8.1/avr5\libgcc.a(_clear_bss.o)
__cmpsf2                                          c:/arduino/hardware/tools/avr/bin/../lib/gcc/avr/4.8.1/../../../../avr/lib/avr5\libm.a(cmpsf2.o)
__ctors_end                                       c:/arduino/hardware/tools/avr/bin/../lib/gcc/avr/4.8.1/avr5\libgcc.a(_ctors.o)
__ctors_start                                     c:/arduino/hardware/tools/avr/bin/../lib/gcc/avr/4.8.1/avr5\libgcc.a(_ctors.o)
__ctype_isfalse                                   c:/arduino/hardware/tools/avr/bin/../lib/gcc/avr/4.8.1/../../../../avr/lib/avr5\libc.a(cty_isfalse.o)
                                                  c:/arduino/hardware/tools/avr/bin/../lib/gcc/avr/4.8.1/../../../../avr/lib/avr5\libc.a(isspace.o)
__ctype_istrue                                    c:/arduino/hardware/tools/avr/bin/../lib/gcc/avr/4.8.1/../../../../avr/lib/avr5\libc.a(cty_isfalse.o)
__cxa_deleted_virtual                             ./arduino/abi.o
__cxa_pure_virtual                                ./arduino/abi.o
                                                  ./arduino/Print.o
                                                  ./arduino/IPAddress.o
                                                  ./arduino/HardwareSerial0.o
__data_end                                        c:/arduino/hardware/tools/avr/bin/../lib/gcc/avr/4.8.1/avr5\libgcc.a(_copy_data.o)
__data_load_start                                 c:/arduino/hardware/tools/avr/bin/../lib/gcc/avr/4.8.1/avr5\libgcc.a(_copy_data.o)
__data_start                                      c:/arduino/hardware/tools/avr/bin/../lib/gcc/avr/4.8.1/avr5\libgcc.a(_copy_data.o)
__divmodsi4                                       c:/arduino/hardware/tools/avr/bin/../lib/gcc/avr/4.8.1/avr5\libgcc.a(_divmodsi4.o)
                                                  c:/arduino/hardware/tools/avr/bin/../lib/gcc/avr/4.8.1/../../../../avr/lib/avr5\libc.a(random.o)
                                                  ./arduino/WMath.o
__divsf3                                          c:/arduino/hardware/tools/avr/bin/../lib/gcc/avr/4.8.1/../../../../avr/lib/avr5\libm.a(divsf3.o)
                                                  ./arduino/Print.o
__divsf3_pse                                      c:/arduino/hardware/tools/avr/bin/../lib/gcc/avr/4.8.1/../../../../avr/lib/avr5\libm.a(divsf3x.o)
__divsf3x                                         c:/arduino/hardware/tools/avr/bin/../lib/gcc/avr/4.8.1/../../../../avr/lib/avr5\libm.a(divsf3x.o)
                                                  c:/arduino/hardware/tools/avr/bin/../lib/gcc/avr/4.8.1/../../../../avr/lib/avr5\libm.a(divsf3.o)
__do_clear_bss                                    c:/arduino/hardware/tools/avr/bin/../lib/gcc/avr/4.8.1/avr5\libgcc.a(_clear_bss.o)
                                                  c:/arduino/hardware/tools/avr/bin/../lib/gcc/avr/4.8.1/../../../../avr/lib/avr5\libc.a(errno.o)
                                                  c:/arduino/hardware/tools/avr/bin/../lib/gcc/avr/4.8.1/../../../../avr/lib/avr5\libc.a(malloc.o)
                                                  C:/freeRTOS/Release/libfreeRTOS.a(heap_2.o)
                                                  C:/freeRTOS/Release/libfreeRTOS.a(tasks.o)
                                                  ./arduino/wiring.o
                                                  ./arduino/WString.o
                                                  ./arduino/Tone.o
                                                  ./arduino/IPAddress.o
                                                  ./arduino/HardwareSerial0.o
__do_copy_data                                    c:/arduino/hardware/tools/avr/bin/../lib/gcc/avr/4.8.1/avr5\libgcc.a(_copy_data.o)
                                                  c:/arduino/hardware/tools/avr/bin/../lib/gcc/avr/4.8.1/../../../../avr/lib/avr5\libc.a(random.o)
                                                  c:/arduino/hardware/tools/avr/bin/../lib/gcc/avr/4.8.1/../../../../avr/lib/avr5\libc.a(malloc.o)
                                                  C:/freeRTOS/Release/libfreeRTOS.a(heap_2.o)
                                                  C:/freeRTOS/Release/libfreeRTOS.a(tasks.o)
                                                  ./test.o
                                                  ./arduino/wiring_shift.o
                                                  ./arduino/wiring_pulse.o
                                                  ./arduino/wiring_digital.o
                                                  ./arduino/wiring_analog.o
                                                  ./arduino/wiring.o
                                                  ./arduino/main.o
                                                  ./arduino/WString.o
                                                  ./arduino/WInterrupts.o
                                                  ./arduino/USBCore.o
                                                  ./arduino/Tone.o
                                                  ./arduino/Stream.o
                                                  ./arduino/Print.o
                                                  ./arduino/PluggableUSB.o
                                                  ./arduino/IPAddress.o
                                                  ./arduino/HardwareSerial3.o
                                                  ./arduino/HardwareSerial2.o
                                                  ./arduino/HardwareSerial1.o
                                                  ./arduino/HardwareSerial0.o
                                                  ./arduino/HardwareSerial.o
                                                  ./arduino/CDC.o
__do_global_ctors                                 c:/arduino/hardware/tools/avr/bin/../lib/gcc/avr/4.8.1/avr5\libgcc.a(_ctors.o)
                                                  ./arduino/IPAddress.o
                                                  ./arduino/HardwareSerial0.o
__epilogue_restores__                             c:/arduino/hardware/tools/avr/bin/../lib/gcc/avr/4.8.1/avr5\libgcc.a(_epilogue.o)
                                                  c:/arduino/hardware/tools/avr/bin/../lib/gcc/avr/4.8.1/../../../../avr/lib/avr5\libc.a(strtod.o)
                                                  c:/arduino/hardware/tools/avr/bin/../lib/gcc/avr/4.8.1/../../../../avr/lib/avr5\libc.a(realloc.o)
__eqsf2                                           c:/arduino/hardware/tools/avr/bin/../lib/gcc/avr/4.8.1/../../../../avr/lib/avr5\libm.a(cmpsf2.o)
                                                  c:/arduino/hardware/tools/avr/bin/../lib/gcc/avr/4.8.1/../../../../avr/lib/avr5\libc.a(strtod.o)
__fixsfsi                                         c:/arduino/hardware/tools/avr/bin/../lib/gcc/avr/4.8.1/../../../../avr/lib/avr5\libm.a(fixsfsi.o)
                                                  ./arduino/Print.o
__fixunssfsi                                      c:/arduino/hardware/tools/avr/bin/../lib/gcc/avr/4.8.1/../../../../avr/lib/avr5\libm.a(fixunssfsi.o)
                                                  c:/arduino/hardware/tools/avr/bin/../lib/gcc/avr/4.8.1/../../../../avr/lib/avr5\libm.a(fixsfsi.o)
                                                  ./arduino/Print.o
__floatsisf                                       c:/arduino/hardware/tools/avr/bin/../lib/gcc/avr/4.8.1/../../../../avr/lib/avr5\libm.a(floatsisf.o)
                                                  ./arduino/Stream.o
                                                  ./arduino/Print.o
__floatunsisf                                     c:/arduino/hardware/tools/avr/bin/../lib/gcc/avr/4.8.1/../../../../avr/lib/avr5\libm.a(floatsisf.o)
                                                  c:/arduino/hardware/tools/avr/bin/../lib/gcc/avr/4.8.1/../../../../avr/lib/avr5\libc.a(strtod.o)
                                                  ./arduino/Print.o
__flp                                             c:/arduino/hardware/tools/avr/bin/../lib/gcc/avr/4.8.1/../../../../avr/lib/avr5\libc.a(malloc.o)
                                                  c:/arduino/hardware/tools/avr/bin/../lib/gcc/avr/4.8.1/../../../../avr/lib/avr5\libc.a(realloc.o)
__fp_cmp                                          c:/arduino/hardware/tools/avr/bin/../lib/gcc/avr/4.8.1/../../../../avr/lib/avr5\libm.a(fp_cmp.o)
                                                  c:/arduino/hardware/tools/avr/bin/../lib/gcc/avr/4.8.1/../../../../avr/lib/avr5\libm.a(unordsf2.o)
                                                  c:/arduino/hardware/tools/avr/bin/../lib/gcc/avr/4.8.1/../../../../avr/lib/avr5\libm.a(gesf2.o)
                                                  c:/arduino/hardware/tools/avr/bin/../lib/gcc/avr/4.8.1/../../../../avr/lib/avr5\libm.a(cmpsf2.o)
__fp_inf                                          c:/arduino/hardware/tools/avr/bin/../lib/gcc/avr/4.8.1/../../../../avr/lib/avr5\libm.a(fp_inf.o)
                                                  c:/arduino/hardware/tools/avr/bin/../lib/gcc/avr/4.8.1/../../../../avr/lib/avr5\libm.a(mulsf3x.o)
                                                  c:/arduino/hardware/tools/avr/bin/../lib/gcc/avr/4.8.1/../../../../avr/lib/avr5\libm.a(divsf3x.o)
                                                  c:/arduino/hardware/tools/avr/bin/../lib/gcc/avr/4.8.1/../../../../avr/lib/avr5\libm.a(addsf3x.o)
__fp_nan                                          c:/arduino/hardware/tools/avr/bin/../lib/gcc/avr/4.8.1/../../../../avr/lib/avr5\libm.a(fp_nan.o)
                                                  c:/arduino/hardware/tools/avr/bin/../lib/gcc/avr/4.8.1/../../../../avr/lib/avr5\libm.a(mulsf3x.o)
                                                  c:/arduino/hardware/tools/avr/bin/../lib/gcc/avr/4.8.1/../../../../avr/lib/avr5\libm.a(divsf3x.o)
                                                  c:/arduino/hardware/tools/avr/bin/../lib/gcc/avr/4.8.1/../../../../avr/lib/avr5\libm.a(addsf3x.o)
__fp_pscA                                         c:/arduino/hardware/tools/avr/bin/../lib/gcc/avr/4.8.1/../../../../avr/lib/avr5\libm.a(fp_pscA.o)
                                                  c:/arduino/hardware/tools/avr/bin/../lib/gcc/avr/4.8.1/../../../../avr/lib/avr5\libm.a(mulsf3x.o)
                                                  c:/arduino/hardware/tools/avr/bin/../lib/gcc/avr/4.8.1/../../../../avr/lib/avr5\libm.a(divsf3x.o)
                                                  c:/arduino/hardware/tools/avr/bin/../lib/gcc/avr/4.8.1/../../../../avr/lib/avr5\libm.a(addsf3x.o)
__fp_pscB                                         c:/arduino/hardware/tools/avr/bin/../lib/gcc/avr/4.8.1/../../../../avr/lib/avr5\libm.a(fp_pscB.o)
                                                  c:/arduino/hardware/tools/avr/bin/../lib/gcc/avr/4.8.1/../../../../avr/lib/avr5\libm.a(mulsf3x.o)
                                                  c:/arduino/hardware/tools/avr/bin/../lib/gcc/avr/4.8.1/../../../../avr/lib/avr5\libm.a(divsf3x.o)
                                                  c:/arduino/hardware/tools/avr/bin/../lib/gcc/avr/4.8.1/../../../../avr/lib/avr5\libm.a(addsf3x.o)
__fp_round                                        c:/arduino/hardware/tools/avr/bin/../lib/gcc/avr/4.8.1/../../../../avr/lib/avr5\libm.a(fp_round.o)
                                                  c:/arduino/hardware/tools/avr/bin/../lib/gcc/avr/4.8.1/../../../../avr/lib/avr5\libm.a(mulsf3.o)
                                                  c:/arduino/hardware/tools/avr/bin/../lib/gcc/avr/4.8.1/../../../../avr/lib/avr5\libm.a(divsf3.o)
                                                  c:/arduino/hardware/tools/avr/bin/../lib/gcc/avr/4.8.1/../../../../avr/lib/avr5\libm.a(addsf3.o)
__fp_split3                                       c:/arduino/hardware/tools/avr/bin/../lib/gcc/avr/4.8.1/../../../../avr/lib/avr5\libm.a(fp_split3.o)
                                                  c:/arduino/hardware/tools/avr/bin/../lib/gcc/avr/4.8.1/../../../../avr/lib/avr5\libm.a(mulsf3x.o)
                                                  c:/arduino/hardware/tools/avr/bin/../lib/gcc/avr/4.8.1/../../../../avr/lib/avr5\libm.a(divsf3x.o)
                                                  c:/arduino/hardware/tools/avr/bin/../lib/gcc/avr/4.8.1/../../../../avr/lib/avr5\libm.a(addsf3x.o)
__fp_splitA                                       c:/arduino/hardware/tools/avr/bin/../lib/gcc/avr/4.8.1/../../../../avr/lib/avr5\libm.a(fp_split3.o)
                                                  c:/arduino/hardware/tools/avr/bin/../lib/gcc/avr/4.8.1/../../../../avr/lib/avr5\libm.a(fixunssfsi.o)
__fp_szero                                        c:/arduino/hardware/tools/avr/bin/../lib/gcc/avr/4.8.1/../../../../avr/lib/avr5\libm.a(fp_zero.o)
                                                  c:/arduino/hardware/tools/avr/bin/../lib/gcc/avr/4.8.1/../../../../avr/lib/avr5\libm.a(mulsf3x.o)
                                                  c:/arduino/hardware/tools/avr/bin/../lib/gcc/avr/4.8.1/../../../../avr/lib/avr5\libm.a(fixsfsi.o)
                                                  c:/arduino/hardware/tools/avr/bin/../lib/gcc/avr/4.8.1/../../../../avr/lib/avr5\libm.a(divsf3x.o)
__fp_zero                                         c:/arduino/hardware/tools/avr/bin/../lib/gcc/avr/4.8.1/../../../../avr/lib/avr5\libm.a(fp_zero.o)
                                                  c:/arduino/hardware/tools/avr/bin/../lib/gcc/avr/4.8.1/../../../../avr/lib/avr5\libm.a(fixunssfsi.o)
                                                  c:/arduino/hardware/tools/avr/bin/../lib/gcc/avr/4.8.1/../../../../avr/lib/avr5\libm.a(addsf3x.o)
__ftoa_engine                                     c:/arduino/hardware/tools/avr/bin/../lib/gcc/avr/4.8.1/../../../../avr/lib/avr5\libc.a(ftoa_engine.o)
                                                  c:/arduino/hardware/tools/avr/bin/../lib/gcc/avr/4.8.1/../../../../avr/lib/avr5\libc.a(dtoa_prf.o)
__gesf2                                           c:/arduino/hardware/tools/avr/bin/../lib/gcc/avr/4.8.1/../../../../avr/lib/avr5\libm.a(gesf2.o)
__gtsf2                                           c:/arduino/hardware/tools/avr/bin/../lib/gcc/avr/4.8.1/../../../../avr/lib/avr5\libm.a(gesf2.o)
                                                  ./arduino/Print.o
__heap_end                                        c:/arduino/hardware/tools/avr/bin/../lib/gcc/avr/4.8.1/../../../../avr/lib/avr5/crtm328p.o
                                                  c:/arduino/hardware/tools/avr/bin/../lib/gcc/avr/4.8.1/../../../../avr/lib/avr5\libc.a(malloc.o)
__heap_start                                      c:/arduino/hardware/tools/avr/bin/../lib/gcc/avr/4.8.1/../../../../avr/lib/avr5\libc.a(malloc.o)
__init                                            c:/arduino/hardware/tools/avr/bin/../lib/gcc/avr/4.8.1/../../../../avr/lib/avr5/crtm328p.o
__itoa                                            c:/arduino/hardware/tools/avr/bin/../lib/gcc/avr/4.8.1/../../../../avr/lib/avr5\libc.a(itoa.o)
                                                  ./arduino/WString.o
__itoa_ncheck                                     c:/arduino/hardware/tools/avr/bin/../lib/gcc/avr/4.8.1/../../../../avr/lib/avr5\libc.a(itoa_ncheck.o)
                                                  c:/arduino/hardware/tools/avr/bin/../lib/gcc/avr/4.8.1/../../../../avr/lib/avr5\libc.a(itoa.o)
__lesf2                                           c:/arduino/hardware/tools/avr/bin/../lib/gcc/avr/4.8.1/../../../../avr/lib/avr5\libm.a(cmpsf2.o)
                                                  ./arduino/Print.o
__ltoa                                            c:/arduino/hardware/tools/avr/bin/../lib/gcc/avr/4.8.1/../../../../avr/lib/avr5\libc.a(ltoa.o)
                                                  ./arduino/WString.o
__ltoa_ncheck                                     c:/arduino/hardware/tools/avr/bin/../lib/gcc/avr/4.8.1/../../../../avr/lib/avr5\libc.a(ltoa_ncheck.o)
                                                  c:/arduino/hardware/tools/avr/bin/../lib/gcc/avr/4.8.1/../../../../avr/lib/avr5\libc.a(ltoa.o)
__ltsf2                                           c:/arduino/hardware/tools/avr/bin/../lib/gcc/avr/4.8.1/../../../../avr/lib/avr5\libm.a(cmpsf2.o)
                                                  ./arduino/Print.o
__malloc_heap_end                                 c:/arduino/hardware/tools/avr/bin/../lib/gcc/avr/4.8.1/../../../../avr/lib/avr5\libc.a(malloc.o)
                                                  c:/arduino/hardware/tools/avr/bin/../lib/gcc/avr/4.8.1/../../../../avr/lib/avr5\libc.a(realloc.o)
__malloc_heap_start                               c:/arduino/hardware/tools/avr/bin/../lib/gcc/avr/4.8.1/../../../../avr/lib/avr5\libc.a(malloc.o)
__malloc_margin                                   c:/arduino/hardware/tools/avr/bin/../lib/gcc/avr/4.8.1/../../../../avr/lib/avr5\libc.a(malloc.o)
                                                  c:/arduino/hardware/tools/avr/bin/../lib/gcc/avr/4.8.1/../../../../avr/lib/avr5\libc.a(realloc.o)
__mulohisi3                                       c:/arduino/hardware/tools/avr/bin/../lib/gcc/avr/4.8.1/avr5\libgcc.a(_mulshisi3.o)
                                                  c:/arduino/hardware/tools/avr/bin/../lib/gcc/avr/4.8.1/../../../../avr/lib/avr5\libc.a(random.o)
__mulsf3                                          c:/arduino/hardware/tools/avr/bin/../lib/gcc/avr/4.8.1/../../../../avr/lib/avr5\libm.a(mulsf3.o)
                                                  c:/arduino/hardware/tools/avr/bin/../lib/gcc/avr/4.8.1/../../../../avr/lib/avr5\libc.a(strtod.o)
                                                  ./arduino/Stream.o
                                                  ./arduino/Print.o
__mulsf3_pse                                      c:/arduino/hardware/tools/avr/bin/../lib/gcc/avr/4.8.1/../../../../avr/lib/avr5\libm.a(mulsf3x.o)
__mulsf3x                                         c:/arduino/hardware/tools/avr/bin/../lib/gcc/avr/4.8.1/../../../../avr/lib/avr5\libm.a(mulsf3x.o)
                                                  c:/arduino/hardware/tools/avr/bin/../lib/gcc/avr/4.8.1/../../../../avr/lib/avr5\libm.a(mulsf3.o)
__mulshisi3                                       c:/arduino/hardware/tools/avr/bin/../lib/gcc/avr/4.8.1/avr5\libgcc.a(_mulshisi3.o)
__mulsi3                                          c:/arduino/hardware/tools/avr/bin/../lib/gcc/avr/4.8.1/avr5\libgcc.a(_mulsi3.o)
                                                  ./arduino/WMath.o
                                                  ./arduino/Tone.o
__mulsi_const_10                                  c:/arduino/hardware/tools/avr/bin/../lib/gcc/avr/4.8.1/../../../../avr/lib/avr5\libc.a(mulsi10.o)
                                                  c:/arduino/hardware/tools/avr/bin/../lib/gcc/avr/4.8.1/../../../../avr/lib/avr5\libc.a(atol.o)
__muluhisi3                                       c:/arduino/hardware/tools/avr/bin/../lib/gcc/avr/4.8.1/avr5\libgcc.a(_muluhisi3.o)
                                                  c:/arduino/hardware/tools/avr/bin/../lib/gcc/avr/4.8.1/avr5\libgcc.a(_mulshisi3.o)
                                                  c:/arduino/hardware/tools/avr/bin/../lib/gcc/avr/4.8.1/../../../../avr/lib/avr5\libc.a(strtod.o)
                                                  c:/arduino/hardware/tools/avr/bin/../lib/gcc/avr/4.8.1/../../../../avr/lib/avr5\libc.a(random.o)
                                                  c:/arduino/hardware/tools/avr/bin/../lib/gcc/avr/4.8.1/avr5\libgcc.a(_mulsi3.o)
__negsi2                                          c:/arduino/hardware/tools/avr/bin/../lib/gcc/avr/4.8.1/avr5\libgcc.a(_negsi2.o)
                                                  c:/arduino/hardware/tools/avr/bin/../lib/gcc/avr/4.8.1/avr5\libgcc.a(_divmodsi4.o)
__nesf2                                           c:/arduino/hardware/tools/avr/bin/../lib/gcc/avr/4.8.1/../../../../avr/lib/avr5\libm.a(cmpsf2.o)
                                                  c:/arduino/hardware/tools/avr/bin/../lib/gcc/avr/4.8.1/../../../../avr/lib/avr5\libc.a(strtod.o)
__prologue_saves__                                c:/arduino/hardware/tools/avr/bin/../lib/gcc/avr/4.8.1/avr5\libgcc.a(_prologue.o)
                                                  c:/arduino/hardware/tools/avr/bin/../lib/gcc/avr/4.8.1/../../../../avr/lib/avr5\libc.a(strtod.o)
                                                  c:/arduino/hardware/tools/avr/bin/../lib/gcc/avr/4.8.1/../../../../avr/lib/avr5\libc.a(realloc.o)
__stack                                           c:/arduino/hardware/tools/avr/bin/../lib/gcc/avr/4.8.1/../../../../avr/lib/avr5/crtm328p.o
__strlen_P                                        c:/arduino/hardware/tools/avr/bin/../lib/gcc/avr/4.8.1/../../../../avr/lib/avr5\libc.a(strlen_P.o)
                                                  ./arduino/WString.o
__subsf3                                          c:/arduino/hardware/tools/avr/bin/../lib/gcc/avr/4.8.1/../../../../avr/lib/avr5\libm.a(addsf3.o)
                                                  ./arduino/Print.o
__tablejump2__                                    c:/arduino/hardware/tools/avr/bin/../lib/gcc/avr/4.8.1/avr5\libgcc.a(_tablejump.o)
__tablejump__                                     c:/arduino/hardware/tools/avr/bin/../lib/gcc/avr/4.8.1/avr5\libgcc.a(_tablejump.o)
                                                  c:/arduino/hardware/tools/avr/bin/../lib/gcc/avr/4.8.1/avr5\libgcc.a(_ctors.o)
__udivmodsi4                                      c:/arduino/hardware/tools/avr/bin/../lib/gcc/avr/4.8.1/avr5\libgcc.a(_udivmodsi4.o)
                                                  c:/arduino/hardware/tools/avr/bin/../lib/gcc/avr/4.8.1/avr5\libgcc.a(_divmodsi4.o)
                                                  ./arduino/Tone.o
                                                  ./arduino/Print.o
                                                  ./arduino/HardwareSerial.o
__ultoa                                           c:/arduino/hardware/tools/avr/bin/../lib/gcc/avr/4.8.1/../../../../avr/lib/avr5\libc.a(ultoa.o)
                                                  ./arduino/WString.o
__ultoa_common                                    c:/arduino/hardware/tools/avr/bin/../lib/gcc/avr/4.8.1/../../../../avr/lib/avr5\libc.a(ultoa_ncheck.o)
                                                  c:/arduino/hardware/tools/avr/bin/../lib/gcc/avr/4.8.1/../../../../avr/lib/avr5\libc.a(ltoa_ncheck.o)
__ultoa_ncheck                                    c:/arduino/hardware/tools/avr/bin/../lib/gcc/avr/4.8.1/../../../../avr/lib/avr5\libc.a(ultoa_ncheck.o)
                                                  c:/arduino/hardware/tools/avr/bin/../lib/gcc/avr/4.8.1/../../../../avr/lib/avr5\libc.a(ultoa.o)
__umulhisi3                                       c:/arduino/hardware/tools/avr/bin/../lib/gcc/avr/4.8.1/avr5\libgcc.a(_umulhisi3.o)
                                                  c:/arduino/hardware/tools/avr/bin/../lib/gcc/avr/4.8.1/avr5\libgcc.a(_muluhisi3.o)
__unordsf2                                        c:/arduino/hardware/tools/avr/bin/../lib/gcc/avr/4.8.1/../../../../avr/lib/avr5\libm.a(unordsf2.o)
                                                  ./arduino/Print.o
__utoa                                            c:/arduino/hardware/tools/avr/bin/../lib/gcc/avr/4.8.1/../../../../avr/lib/avr5\libc.a(utoa.o)
                                                  ./arduino/WString.o
__utoa_common                                     c:/arduino/hardware/tools/avr/bin/../lib/gcc/avr/4.8.1/../../../../avr/lib/avr5\libc.a(utoa_ncheck.o)
                                                  c:/arduino/hardware/tools/avr/bin/../lib/gcc/avr/4.8.1/../../../../avr/lib/avr5\libc.a(itoa_ncheck.o)
__utoa_ncheck                                     c:/arduino/hardware/tools/avr/bin/../lib/gcc/avr/4.8.1/../../../../avr/lib/avr5\libc.a(utoa_ncheck.o)
                                                  c:/arduino/hardware/tools/avr/bin/../lib/gcc/avr/4.8.1/../../../../avr/lib/avr5\libc.a(utoa.o)
__vector_1                                        ./arduino/WInterrupts.o
                                                  c:/arduino/hardware/tools/avr/bin/../lib/gcc/avr/4.8.1/../../../../avr/lib/avr5/crtm328p.o
__vector_10                                       c:/arduino/hardware/tools/avr/bin/../lib/gcc/avr/4.8.1/../../../../avr/lib/avr5/crtm328p.o
__vector_11                                       C:/freeRTOS/Release/libfreeRTOS.a(port.o)
                                                  c:/arduino/hardware/tools/avr/bin/../lib/gcc/avr/4.8.1/../../../../avr/lib/avr5/crtm328p.o
__vector_12                                       c:/arduino/hardware/tools/avr/bin/../lib/gcc/avr/4.8.1/../../../../avr/lib/avr5/crtm328p.o
__vector_13                                       c:/arduino/hardware/tools/avr/bin/../lib/gcc/avr/4.8.1/../../../../avr/lib/avr5/crtm328p.o
__vector_14                                       c:/arduino/hardware/tools/avr/bin/../lib/gcc/avr/4.8.1/../../../../avr/lib/avr5/crtm328p.o
__vector_15                                       c:/arduino/hardware/tools/avr/bin/../lib/gcc/avr/4.8.1/../../../../avr/lib/avr5/crtm328p.o
__vector_16                                       ./arduino/wiring.o
                                                  c:/arduino/hardware/tools/avr/bin/../lib/gcc/avr/4.8.1/../../../../avr/lib/avr5/crtm328p.o
__vector_17                                       c:/arduino/hardware/tools/avr/bin/../lib/gcc/avr/4.8.1/../../../../avr/lib/avr5/crtm328p.o
__vector_18                                       ./arduino/HardwareSerial0.o
                                                  c:/arduino/hardware/tools/avr/bin/../lib/gcc/avr/4.8.1/../../../../avr/lib/avr5/crtm328p.o
__vector_19                                       ./arduino/HardwareSerial0.o
                                                  c:/arduino/hardware/tools/avr/bin/../lib/gcc/avr/4.8.1/../../../../avr/lib/avr5/crtm328p.o
__vector_2                                        ./arduino/WInterrupts.o
                                                  c:/arduino/hardware/tools/avr/bin/../lib/gcc/avr/4.8.1/../../../../avr/lib/avr5/crtm328p.o
__vector_20                                       c:/arduino/hardware/tools/avr/bin/../lib/gcc/avr/4.8.1/../../../../avr/lib/avr5/crtm328p.o
__vector_21                                       c:/arduino/hardware/tools/avr/bin/../lib/gcc/avr/4.8.1/../../../../avr/lib/avr5/crtm328p.o
__vector_22                                       c:/arduino/hardware/tools/avr/bin/../lib/gcc/avr/4.8.1/../../../../avr/lib/avr5/crtm328p.o
__vector_23                                       c:/arduino/hardware/tools/avr/bin/../lib/gcc/avr/4.8.1/../../../../avr/lib/avr5/crtm328p.o
__vector_24                                       c:/arduino/hardware/tools/avr/bin/../lib/gcc/avr/4.8.1/../../../../avr/lib/avr5/crtm328p.o
__vector_25                                       c:/arduino/hardware/tools/avr/bin/../lib/gcc/avr/4.8.1/../../../../avr/lib/avr5/crtm328p.o
__vector_3                                        c:/arduino/hardware/tools/avr/bin/../lib/gcc/avr/4.8.1/../../../../avr/lib/avr5/crtm328p.o
__vector_4                                        c:/arduino/hardware/tools/avr/bin/../lib/gcc/avr/4.8.1/../../../../avr/lib/avr5/crtm328p.o
__vector_5                                        c:/arduino/hardware/tools/avr/bin/../lib/gcc/avr/4.8.1/../../../../avr/lib/avr5/crtm328p.o
__vector_6                                        c:/arduino/hardware/tools/avr/bin/../lib/gcc/avr/4.8.1/../../../../avr/lib/avr5/crtm328p.o
__vector_7                                        ./arduino/Tone.o
                                                  c:/arduino/hardware/tools/avr/bin/../lib/gcc/avr/4.8.1/../../../../avr/lib/avr5/crtm328p.o
__vector_8                                        c:/arduino/hardware/tools/avr/bin/../lib/gcc/avr/4.8.1/../../../../avr/lib/avr5/crtm328p.o
__vector_9                                        c:/arduino/hardware/tools/avr/bin/../lib/gcc/avr/4.8.1/../../../../avr/lib/avr5/crtm328p.o
__vector_default                                  c:/arduino/hardware/tools/avr/bin/../lib/gcc/avr/4.8.1/../../../../avr/lib/avr5/crtm328p.o
__vectors                                         c:/arduino/hardware/tools/avr/bin/../lib/gcc/avr/4.8.1/../../../../avr/lib/avr5/crtm328p.o
_exit                                             c:/arduino/hardware/tools/avr/bin/../lib/gcc/avr/4.8.1/avr5\libgcc.a(_exit.o)
                                                  c:/arduino/hardware/tools/avr/bin/../lib/gcc/avr/4.8.1/../../../../avr/lib/avr5\libc.a(abort.o)
abort                                             c:/arduino/hardware/tools/avr/bin/../lib/gcc/avr/4.8.1/../../../../avr/lib/avr5\libc.a(abort.o)
                                                  ./arduino/abi.o
analogRead                                        ./arduino/wiring_analog.o
analogReference                                   ./arduino/wiring_analog.o
analogWrite                                       ./arduino/wiring_analog.o
analog_reference                                  ./arduino/wiring_analog.o
atexit                                            ./arduino/main.o
atof                                              c:/arduino/hardware/tools/avr/bin/../lib/gcc/avr/4.8.1/../../../../avr/lib/avr5\libc.a(atof.o)
                                                  ./arduino/WString.o
atol                                              c:/arduino/hardware/tools/avr/bin/../lib/gcc/avr/4.8.1/../../../../avr/lib/avr5\libc.a(atol.o)
                                                  ./arduino/WString.o
attachInterrupt                                   ./arduino/WInterrupts.o
countPulseASM                                     ./arduino/wiring_pulse.o
delay                                             ./arduino/wiring.o
                                                  ./test.o
delayMicroseconds                                 ./arduino/wiring.o
detachInterrupt                                   ./arduino/WInterrupts.o
digitalRead                                       ./arduino/wiring_digital.o
                                                  ./arduino/wiring_shift.o
digitalWrite                                      ./arduino/wiring_digital.o
                                                  ./test.o
                                                  ./arduino/wiring_shift.o
                                                  ./arduino/wiring_analog.o
                                                  ./arduino/Tone.o
digital_pin_to_bit_mask_PGM                       ./arduino/wiring_digital.o
                                                  ./arduino/wiring_pulse.o
                                                  ./arduino/Tone.o
digital_pin_to_port_PGM                           ./arduino/wiring_digital.o
                                                  ./arduino/wiring_pulse.o
                                                  ./arduino/Tone.o
digital_pin_to_timer_PGM                          ./arduino/wiring_digital.o
                                                  ./arduino/wiring_analog.o
dtoa_prf                                          c:/arduino/hardware/tools/avr/bin/../lib/gcc/avr/4.8.1/../../../../avr/lib/avr5\libc.a(dtoa_prf.o)
                                                  c:/arduino/hardware/tools/avr/bin/../lib/gcc/avr/4.8.1/../../../../avr/lib/avr5\libc.a(dtostrf.o)
dtostrf                                           c:/arduino/hardware/tools/avr/bin/../lib/gcc/avr/4.8.1/../../../../avr/lib/avr5\libc.a(dtostrf.o)
                                                  ./arduino/WString.o
errno                                             c:/arduino/hardware/tools/avr/bin/../lib/gcc/avr/4.8.1/../../../../avr/lib/avr5\libc.a(errno.o)
                                                  c:/arduino/hardware/tools/avr/bin/../lib/gcc/avr/4.8.1/../../../../avr/lib/avr5\libc.a(strtod.o)
exit                                              c:/arduino/hardware/tools/avr/bin/../lib/gcc/avr/4.8.1/avr5\libgcc.a(_exit.o)
                                                  c:/arduino/hardware/tools/avr/bin/../lib/gcc/avr/4.8.1/../../../../avr/lib/avr5/crtm328p.o
free                                              c:/arduino/hardware/tools/avr/bin/../lib/gcc/avr/4.8.1/../../../../avr/lib/avr5\libc.a(malloc.o)
                                                  c:/arduino/hardware/tools/avr/bin/../lib/gcc/avr/4.8.1/../../../../avr/lib/avr5\libc.a(realloc.o)
                                                  ./arduino/new.o
                                                  ./arduino/WString.o
init                                              ./arduino/wiring.o
                                                  ./arduino/main.o
initVariant                                       ./arduino/main.o
isspace                                           c:/arduino/hardware/tools/avr/bin/../lib/gcc/avr/4.8.1/../../../../avr/lib/avr5\libc.a(isspace.o)
                                                  c:/arduino/hardware/tools/avr/bin/../lib/gcc/avr/4.8.1/../../../../avr/lib/avr5\libc.a(strtod.o)
                                                  ./arduino/WString.o
itoa                                              c:/arduino/hardware/tools/avr/bin/../lib/gcc/avr/4.8.1/../../../../avr/lib/avr5\libc.a(itoa.o)
                                                  ./arduino/WString.o
loop                                              ./test.o
                                                  ./arduino/main.o
ltoa                                              c:/arduino/hardware/tools/avr/bin/../lib/gcc/avr/4.8.1/../../../../avr/lib/avr5\libc.a(ltoa.o)
                                                  ./arduino/WString.o
main                                              ./arduino/main.o
                                                  c:/arduino/hardware/tools/avr/bin/../lib/gcc/avr/4.8.1/../../../../avr/lib/avr5/crtm328p.o
malloc                                            c:/arduino/hardware/tools/avr/bin/../lib/gcc/avr/4.8.1/../../../../avr/lib/avr5\libc.a(malloc.o)
                                                  c:/arduino/hardware/tools/avr/bin/../lib/gcc/avr/4.8.1/../../../../avr/lib/avr5\libc.a(realloc.o)
                                                  ./arduino/new.o
memcmp                                            c:/arduino/hardware/tools/avr/bin/../lib/gcc/avr/4.8.1/../../../../avr/lib/avr5\libc.a(memcmp.o)
                                                  ./arduino/IPAddress.o
memcpy                                            c:/arduino/hardware/tools/avr/bin/../lib/gcc/avr/4.8.1/../../../../avr/lib/avr5\libc.a(memcpy.o)
                                                  c:/arduino/hardware/tools/avr/bin/../lib/gcc/avr/4.8.1/../../../../avr/lib/avr5\libc.a(memmove.o)
                                                  c:/arduino/hardware/tools/avr/bin/../lib/gcc/avr/4.8.1/../../../../avr/lib/avr5\libc.a(realloc.o)
                                                  ./arduino/WString.o
                                                  ./arduino/IPAddress.o
memmove                                           c:/arduino/hardware/tools/avr/bin/../lib/gcc/avr/4.8.1/../../../../avr/lib/avr5\libc.a(memmove.o)
                                                  ./arduino/WString.o
micros                                            ./arduino/wiring.o
                                                  ./arduino/wiring_pulse.o
millis                                            ./arduino/wiring.o
                                                  ./arduino/Stream.o
pinMode                                           ./arduino/wiring_digital.o
                                                  ./test.o
                                                  ./arduino/wiring_analog.o
                                                  ./arduino/Tone.o